Archive member included to satisfy reference by file (symbol)

c:/users/slin/appdata/roaming/code/user/globalstorage/bmd.stm32-for-vscode/@xpack-dev-tools/arm-none-eabi-gcc/10.2.1-1.1.2/.content/bin/../lib/gcc/arm-none-eabi/10.2.1/../../../../arm-none-eabi/lib/thumb/v7e-m+fp/hard\libc.a(lib_a-exit.o)
                              c:/users/slin/appdata/roaming/code/user/globalstorage/bmd.stm32-for-vscode/@xpack-dev-tools/arm-none-eabi-gcc/10.2.1-1.1.2/.content/bin/../lib/gcc/arm-none-eabi/10.2.1/../../../../arm-none-eabi/lib/thumb/v7e-m+fp/hard/crt0.o (exit)
c:/users/slin/appdata/roaming/code/user/globalstorage/bmd.stm32-for-vscode/@xpack-dev-tools/arm-none-eabi-gcc/10.2.1-1.1.2/.content/bin/../lib/gcc/arm-none-eabi/10.2.1/../../../../arm-none-eabi/lib/thumb/v7e-m+fp/hard\libc.a(lib_a-impure.o)
                              c:/users/slin/appdata/roaming/code/user/globalstorage/bmd.stm32-for-vscode/@xpack-dev-tools/arm-none-eabi-gcc/10.2.1-1.1.2/.content/bin/../lib/gcc/arm-none-eabi/10.2.1/../../../../arm-none-eabi/lib/thumb/v7e-m+fp/hard\libc.a(lib_a-exit.o) (_global_impure_ptr)
c:/users/slin/appdata/roaming/code/user/globalstorage/bmd.stm32-for-vscode/@xpack-dev-tools/arm-none-eabi-gcc/10.2.1-1.1.2/.content/bin/../lib/gcc/arm-none-eabi/10.2.1/../../../../arm-none-eabi/lib/thumb/v7e-m+fp/hard\libc.a(lib_a-init.o)
                              c:/users/slin/appdata/roaming/code/user/globalstorage/bmd.stm32-for-vscode/@xpack-dev-tools/arm-none-eabi-gcc/10.2.1-1.1.2/.content/bin/../lib/gcc/arm-none-eabi/10.2.1/../../../../arm-none-eabi/lib/thumb/v7e-m+fp/hard/crt0.o (__libc_init_array)
c:/users/slin/appdata/roaming/code/user/globalstorage/bmd.stm32-for-vscode/@xpack-dev-tools/arm-none-eabi-gcc/10.2.1-1.1.2/.content/bin/../lib/gcc/arm-none-eabi/10.2.1/../../../../arm-none-eabi/lib/thumb/v7e-m+fp/hard\libc.a(lib_a-memset.o)
                              c:/users/slin/appdata/roaming/code/user/globalstorage/bmd.stm32-for-vscode/@xpack-dev-tools/arm-none-eabi-gcc/10.2.1-1.1.2/.content/bin/../lib/gcc/arm-none-eabi/10.2.1/../../../../arm-none-eabi/lib/thumb/v7e-m+fp/hard/crt0.o (memset)
c:/users/slin/appdata/roaming/code/user/globalstorage/bmd.stm32-for-vscode/@xpack-dev-tools/arm-none-eabi-gcc/10.2.1-1.1.2/.content/bin/../lib/gcc/arm-none-eabi/10.2.1/../../../../arm-none-eabi/lib/thumb/v7e-m+fp/hard\libc.a(lib_a-__call_atexit.o)
                              c:/users/slin/appdata/roaming/code/user/globalstorage/bmd.stm32-for-vscode/@xpack-dev-tools/arm-none-eabi-gcc/10.2.1-1.1.2/.content/bin/../lib/gcc/arm-none-eabi/10.2.1/../../../../arm-none-eabi/lib/thumb/v7e-m+fp/hard\libc.a(lib_a-exit.o) (__call_exitprocs)
c:/users/slin/appdata/roaming/code/user/globalstorage/bmd.stm32-for-vscode/@xpack-dev-tools/arm-none-eabi-gcc/10.2.1-1.1.2/.content/bin/../lib/gcc/arm-none-eabi/10.2.1/../../../../arm-none-eabi/lib/thumb/v7e-m+fp/hard\libc.a(lib_a-fini.o)
                              c:/users/slin/appdata/roaming/code/user/globalstorage/bmd.stm32-for-vscode/@xpack-dev-tools/arm-none-eabi-gcc/10.2.1-1.1.2/.content/bin/../lib/gcc/arm-none-eabi/10.2.1/../../../../arm-none-eabi/lib/thumb/v7e-m+fp/hard\libc.a(lib_a-__call_atexit.o) (__libc_fini_array)
c:/users/slin/appdata/roaming/code/user/globalstorage/bmd.stm32-for-vscode/@xpack-dev-tools/arm-none-eabi-gcc/10.2.1-1.1.2/.content/bin/../lib/gcc/arm-none-eabi/10.2.1/../../../../arm-none-eabi/lib/thumb/v7e-m+fp/hard\libc.a(lib_a-lock.o)
                              c:/users/slin/appdata/roaming/code/user/globalstorage/bmd.stm32-for-vscode/@xpack-dev-tools/arm-none-eabi-gcc/10.2.1-1.1.2/.content/bin/../lib/gcc/arm-none-eabi/10.2.1/../../../../arm-none-eabi/lib/thumb/v7e-m+fp/hard\libc.a(lib_a-__call_atexit.o) (__retarget_lock_acquire_recursive)
c:/users/slin/appdata/roaming/code/user/globalstorage/bmd.stm32-for-vscode/@xpack-dev-tools/arm-none-eabi-gcc/10.2.1-1.1.2/.content/bin/../lib/gcc/arm-none-eabi/10.2.1/../../../../arm-none-eabi/lib/thumb/v7e-m+fp/hard\libc.a(lib_a-atexit.o)
                              c:/users/slin/appdata/roaming/code/user/globalstorage/bmd.stm32-for-vscode/@xpack-dev-tools/arm-none-eabi-gcc/10.2.1-1.1.2/.content/bin/../lib/gcc/arm-none-eabi/10.2.1/../../../../arm-none-eabi/lib/thumb/v7e-m+fp/hard\libc.a(lib_a-__call_atexit.o) (atexit)
c:/users/slin/appdata/roaming/code/user/globalstorage/bmd.stm32-for-vscode/@xpack-dev-tools/arm-none-eabi-gcc/10.2.1-1.1.2/.content/bin/../lib/gcc/arm-none-eabi/10.2.1/../../../../arm-none-eabi/lib/thumb/v7e-m+fp/hard\libc.a(lib_a-__atexit.o)
                              c:/users/slin/appdata/roaming/code/user/globalstorage/bmd.stm32-for-vscode/@xpack-dev-tools/arm-none-eabi-gcc/10.2.1-1.1.2/.content/bin/../lib/gcc/arm-none-eabi/10.2.1/../../../../arm-none-eabi/lib/thumb/v7e-m+fp/hard\libc.a(lib_a-atexit.o) (__register_exitproc)
[...]
Memory Configuration

Name             Origin             Length             Attributes
RAM              0x0000000020000000 0x0000000000020000 xrw
FLASH            0x0000000008000000 0x0000000000080000 xr
*default*        0x0000000000000000 0xffffffffffffffff

Linker script and memory map

LOAD c:/users/slin/appdata/roaming/code/user/globalstorage/bmd.stm32-for-vscode/@xpack-dev-tools/arm-none-eabi-gcc/10.2.1-1.1.2/.content/bin/../lib/gcc/arm-none-eabi/10.2.1/thumb/v7e-m+fp/hard/crti.o
LOAD c:/users/slin/appdata/roaming/code/user/globalstorage/bmd.stm32-for-vscode/@xpack-dev-tools/arm-none-eabi-gcc/10.2.1-1.1.2/.content/bin/../lib/gcc/arm-none-eabi/10.2.1/thumb/v7e-m+fp/hard/crtbegin.o
LOAD c:/users/slin/appdata/roaming/code/user/globalstorage/bmd.stm32-for-vscode/@xpack-dev-tools/arm-none-eabi-gcc/10.2.1-1.1.2/.content/bin/../lib/gcc/arm-none-eabi/10.2.1/../../../../arm-none-eabi/lib/thumb/v7e-m+fp/hard/crt0.o
LOAD build/gpio.o
LOAD build/main.o
LOAD build/stm32g4xx_hal_msp.o
LOAD build/stm32g4xx_it.o
LOAD build/system_stm32g4xx.o
LOAD build/usart.o
LOAD build/stm32g4xx_hal.o
LOAD build/stm32g4xx_hal_cortex.o
LOAD build/stm32g4xx_hal_dma.o
LOAD build/stm32g4xx_hal_dma_ex.o
LOAD build/stm32g4xx_hal_exti.o
LOAD build/stm32g4xx_hal_flash.o
LOAD build/stm32g4xx_hal_flash_ex.o
LOAD build/stm32g4xx_hal_flash_ramfunc.o
LOAD build/stm32g4xx_hal_gpio.o
LOAD build/stm32g4xx_hal_pwr.o
LOAD build/stm32g4xx_hal_pwr_ex.o
LOAD build/stm32g4xx_hal_rcc.o
LOAD build/stm32g4xx_hal_rcc_ex.o
LOAD build/stm32g4xx_hal_tim.o
LOAD build/stm32g4xx_hal_tim_ex.o
LOAD build/stm32g4xx_hal_uart.o
LOAD build/stm32g4xx_hal_uart_ex.o
LOAD build/startup_stm32g474xx.o
LOAD c:/users/slin/appdata/roaming/code/user/globalstorage/bmd.stm32-for-vscode/@xpack-dev-tools/arm-none-eabi-gcc/10.2.1-1.1.2/.content/bin/../lib/gcc/arm-none-eabi/10.2.1/../../../../arm-none-eabi/lib/thumb/v7e-m+fp/hard\libc.a
LOAD c:/users/slin/appdata/roaming/code/user/globalstorage/bmd.stm32-for-vscode/@xpack-dev-tools/arm-none-eabi-gcc/10.2.1-1.1.2/.content/bin/../lib/gcc/arm-none-eabi/10.2.1/../../../../arm-none-eabi/lib/thumb/v7e-m+fp/hard\libm.a
LOAD c:/users/slin/appdata/roaming/code/user/globalstorage/bmd.stm32-for-vscode/@xpack-dev-tools/arm-none-eabi-gcc/10.2.1-1.1.2/.content/bin/../lib/gcc/arm-none-eabi/10.2.1/../../../../arm-none-eabi/lib/thumb/v7e-m+fp/hard\libnosys.a
START GROUP
LOAD c:/users/slin/appdata/roaming/code/user/globalstorage/bmd.stm32-for-vscode/@xpack-dev-tools/arm-none-eabi-gcc/10.2.1-1.1.2/.content/bin/../lib/gcc/arm-none-eabi/10.2.1/thumb/v7e-m+fp/hard\libgcc.a
LOAD c:/users/slin/appdata/roaming/code/user/globalstorage/bmd.stm32-for-vscode/@xpack-dev-tools/arm-none-eabi-gcc/10.2.1-1.1.2/.content/bin/../lib/gcc/arm-none-eabi/10.2.1/../../../../arm-none-eabi/lib/thumb/v7e-m+fp/hard\libc.a
END GROUP
START GROUP
LOAD c:/users/slin/appdata/roaming/code/user/globalstorage/bmd.stm32-for-vscode/@xpack-dev-tools/arm-none-eabi-gcc/10.2.1-1.1.2/.content/bin/../lib/gcc/arm-none-eabi/10.2.1/thumb/v7e-m+fp/hard\libgcc.a
LOAD c:/users/slin/appdata/roaming/code/user/globalstorage/bmd.stm32-for-vscode/@xpack-dev-tools/arm-none-eabi-gcc/10.2.1-1.1.2/.content/bin/../lib/gcc/arm-none-eabi/10.2.1/../../../../arm-none-eabi/lib/thumb/v7e-m+fp/hard\libc.a
LOAD c:/users/slin/appdata/roaming/code/user/globalstorage/bmd.stm32-for-vscode/@xpack-dev-tools/arm-none-eabi-gcc/10.2.1-1.1.2/.content/bin/../lib/gcc/arm-none-eabi/10.2.1/../../../../arm-none-eabi/lib/thumb/v7e-m+fp/hard\libnosys.a
END GROUP
LOAD c:/users/slin/appdata/roaming/code/user/globalstorage/bmd.stm32-for-vscode/@xpack-dev-tools/arm-none-eabi-gcc/10.2.1-1.1.2/.content/bin/../lib/gcc/arm-none-eabi/10.2.1/thumb/v7e-m+fp/hard/crtend.o
LOAD c:/users/slin/appdata/roaming/code/user/globalstorage/bmd.stm32-for-vscode/@xpack-dev-tools/arm-none-eabi-gcc/10.2.1-1.1.2/.content/bin/../lib/gcc/arm-none-eabi/10.2.1/thumb/v7e-m+fp/hard/crtn.o
                0x0000000020020000                _estack = 0x20020000
                0x0000000000000200                _Min_Heap_Size = 0x200
                0x0000000000000400                _Min_Stack_Size = 0x400

.isr_vector     0x0000000008000000      0x1d8
                0x0000000008000000                . = ALIGN (0x4)
 *(.isr_vector)
 .isr_vector    0x0000000008000000      0x1d8 build/startup_stm32g474xx.o
                0x0000000008000000                g_pfnVectors
                0x00000000080001d8                . = ALIGN (0x4)

.text           0x00000000080001d8     0x3068
                0x00000000080001d8                . = ALIGN (0x4)
 *(.text)
 .text          0x00000000080001d8       0x30 c:/users/slin/appdata/roaming/code/user/globalstorage/bmd.stm32-for-vscode/@xpack-dev-tools/arm-none-eabi-gcc/10.2.1-1.1.2/.content/bin/../lib/gcc/arm-none-eabi/10.2.1/thumb/v7e-m+fp/hard\libgcc.a(_aeabi_uldivmod.o)
                0x00000000080001d8                __aeabi_uldivmod
 .text          0x0000000008000208      0x1ac c:/users/slin/appdata/roaming/code/user/globalstorage/bmd.stm32-for-vscode/@xpack-dev-tools/arm-none-eabi-gcc/10.2.1-1.1.2/.content/bin/../lib/gcc/arm-none-eabi/10.2.1/thumb/v7e-m+fp/hard\libgcc.a(libunwind.o)
                0x0000000008000208                __restore_core_regs
                0x0000000008000208                restore_core_regs
                0x0000000008000220                __gnu_Unwind_Restore_VFP
                0x0000000008000228                __gnu_Unwind_Save_VFP
                0x0000000008000230                __gnu_Unwind_Restore_VFP_D
                0x0000000008000238                __gnu_Unwind_Save_VFP_D
                0x0000000008000240                __gnu_Unwind_Restore_VFP_D_16_to_31
                0x0000000008000248                __gnu_Unwind_Save_VFP_D_16_to_31
                0x0000000008000250                __gnu_Unwind_Restore_WMMXD
                0x0000000008000294                __gnu_Unwind_Save_WMMXD
                0x00000000080002d8                __gnu_Unwind_Restore_WMMXC
                0x00000000080002ec                __gnu_Unwind_Save_WMMXC
                0x0000000008000300                ___Unwind_RaiseException
                0x0000000008000300                _Unwind_RaiseException
                0x0000000008000324                _Unwind_Resume
                0x0000000008000324                ___Unwind_Resume
                0x0000000008000348                _Unwind_Resume_or_Rethrow
                0x0000000008000348                ___Unwind_Resume_or_Rethrow
                0x000000000800036c                _Unwind_ForcedUnwind
                0x000000000800036c                ___Unwind_ForcedUnwind
                0x0000000008000390                ___Unwind_Backtrace
                0x0000000008000390                _Unwind_Backtrace
 .text          0x00000000080003b4        0x4 c:/users/slin/appdata/roaming/code/user/globalstorage/bmd.stm32-for-vscode/@xpack-dev-tools/arm-none-eabi-gcc/10.2.1-1.1.2/.content/bin/../lib/gcc/arm-none-eabi/10.2.1/thumb/v7e-m+fp/hard\libgcc.a(_dvmd_tls.o)
                0x00000000080003b4                __aeabi_idiv0
                0x00000000080003b4                __aeabi_ldiv0
 .text          0x00000000080003b8      0x134 c:/users/slin/appdata/roaming/code/user/globalstorage/bmd.stm32-for-vscode/@xpack-dev-tools/arm-none-eabi-gcc/10.2.1-1.1.2/.content/bin/../lib/gcc/arm-none-eabi/10.2.1/../../../../arm-none-eabi/lib/thumb/v7e-m+fp/hard\libc.a(lib_a-memcpy.o)
                0x00000000080003b8                memcpy
 *(.text*)
 .text.__do_global_dtors_aux
                0x00000000080004ec       0x24 c:/users/slin/appdata/roaming/code/user/globalstorage/bmd.stm32-for-vscode/@xpack-dev-tools/arm-none-eabi-gcc/10.2.1-1.1.2/.content/bin/../lib/gcc/arm-none-eabi/10.2.1/thumb/v7e-m+fp/hard/crtbegin.o
 .text.frame_dummy
                0x0000000008000510       0x1c c:/users/slin/appdata/roaming/code/user/globalstorage/bmd.stm32-for-vscode/@xpack-dev-tools/arm-none-eabi-gcc/10.2.1-1.1.2/.content/bin/../lib/gcc/arm-none-eabi/10.2.1/thumb/v7e-m+fp/hard/crtbegin.o
 .text.MX_GPIO_Init
                0x000000000800052c       0xf4 build/gpio.o
                0x000000000800052c                MX_GPIO_Init
 .text.Error_Handler
                0x0000000008000620        0x4 build/main.o
                0x0000000008000620                Error_Handler
 .text.SystemClock_Config
                0x0000000008000624       0x8c build/main.o
                0x0000000008000624                SystemClock_Config
 .text.main     0x00000000080006b0       0x74 build/main.o
                0x00000000080006b0                main
 .text.HAL_MspInit
                0x0000000008000724       0x38 build/stm32g4xx_hal_msp.o
                0x0000000008000724                HAL_MspInit
 .text.NMI_Handler
                0x000000000800075c        0x2 build/stm32g4xx_it.o
                0x000000000800075c                NMI_Handler
 .text.HardFault_Handler
                0x000000000800075e        0x2 build/stm32g4xx_it.o
                0x000000000800075e                HardFault_Handler
 .text.MemManage_Handler
                0x0000000008000760        0x2 build/stm32g4xx_it.o
                0x0000000008000760                MemManage_Handler
 .text.BusFault_Handler
                0x0000000008000762        0x2 build/stm32g4xx_it.o
                0x0000000008000762                BusFault_Handler
 .text.UsageFault_Handler
                0x0000000008000764        0x2 build/stm32g4xx_it.o
                0x0000000008000764                UsageFault_Handler
 .text.SVC_Handler
                0x0000000008000766        0x2 build/stm32g4xx_it.o
                0x0000000008000766                SVC_Handler
 .text.DebugMon_Handler
                0x0000000008000768        0x2 build/stm32g4xx_it.o
                0x0000000008000768                DebugMon_Handler
 .text.PendSV_Handler
                0x000000000800076a        0x2 build/stm32g4xx_it.o
                0x000000000800076a                PendSV_Handler
 .text.SysTick_Handler
                0x000000000800076c        0x8 build/stm32g4xx_it.o
                0x000000000800076c                SysTick_Handler
 .text.EXTI15_10_IRQHandler
                0x0000000008000774        0xc build/stm32g4xx_it.o
                0x0000000008000774                EXTI15_10_IRQHandler
 .text.SystemInit
                0x0000000008000780       0x1c build/system_stm32g4xx.o
                0x0000000008000780                SystemInit
 .text.MX_LPUART1_UART_Init
                0x000000000800079c       0x68 build/usart.o
                0x000000000800079c                MX_LPUART1_UART_Init
 .text.HAL_UART_MspInit
                0x0000000008000804       0x64 build/usart.o
                0x0000000008000804                HAL_UART_MspInit
 .text.HAL_InitTick
                0x0000000008000868       0x50 build/stm32g4xx_hal.o
                0x0000000008000868                HAL_InitTick
 .text.HAL_Init
                0x00000000080008b8       0x1e build/stm32g4xx_hal.o
                0x00000000080008b8                HAL_Init
 *fill*         0x00000000080008d6        0x2 
 .text.HAL_IncTick
                0x00000000080008d8       0x18 build/stm32g4xx_hal.o
                0x00000000080008d8                HAL_IncTick
 .text.HAL_GetTick
                0x00000000080008f0        0xc build/stm32g4xx_hal.o
                0x00000000080008f0                HAL_GetTick
 .text.HAL_Delay
                0x00000000080008fc       0x28 build/stm32g4xx_hal.o
                0x00000000080008fc                HAL_Delay
 .text.HAL_NVIC_SetPriorityGrouping
                0x0000000008000924       0x24 build/stm32g4xx_hal_cortex.o
                0x0000000008000924                HAL_NVIC_SetPriorityGrouping
 .text.HAL_NVIC_SetPriority
                0x0000000008000948       0x70 build/stm32g4xx_hal_cortex.o
                0x0000000008000948                HAL_NVIC_SetPriority
 .text.HAL_NVIC_EnableIRQ
                0x00000000080009b8       0x1c build/stm32g4xx_hal_cortex.o
                0x00000000080009b8                HAL_NVIC_EnableIRQ
 .text.HAL_SYSTICK_Config
                0x00000000080009d4       0x28 build/stm32g4xx_hal_cortex.o
                0x00000000080009d4                HAL_SYSTICK_Config
 .text.HAL_GPIO_Init
                0x00000000080009fc      0x1b4 build/stm32g4xx_hal_gpio.o
                0x00000000080009fc                HAL_GPIO_Init
 .text.HAL_GPIO_ReadPin
                0x0000000008000bb0        0xe build/stm32g4xx_hal_gpio.o
                0x0000000008000bb0                HAL_GPIO_ReadPin
 .text.HAL_GPIO_WritePin
                0x0000000008000bbe        0xa build/stm32g4xx_hal_gpio.o
                0x0000000008000bbe                HAL_GPIO_WritePin
 .text.HAL_GPIO_TogglePin
                0x0000000008000bc8       0x12 build/stm32g4xx_hal_gpio.o
                0x0000000008000bc8                HAL_GPIO_TogglePin
 .text.HAL_GPIO_EXTI_Callback
                0x0000000008000bda        0x2 build/stm32g4xx_hal_gpio.o
                0x0000000008000bda                HAL_GPIO_EXTI_Callback
 .text.HAL_GPIO_EXTI_IRQHandler
                0x0000000008000bdc       0x1c build/stm32g4xx_hal_gpio.o
                0x0000000008000bdc                HAL_GPIO_EXTI_IRQHandler
 .text.HAL_PWREx_ControlVoltageScaling
                0x0000000008000bf8      0x10c build/stm32g4xx_hal_pwr_ex.o
                0x0000000008000bf8                HAL_PWREx_ControlVoltageScaling
 .text.HAL_PWREx_DisableUCPDDeadBattery
                0x0000000008000d04       0x10 build/stm32g4xx_hal_pwr_ex.o
                0x0000000008000d04                HAL_PWREx_DisableUCPDDeadBattery
 .text.RCC_GetSysClockFreqFromPLLSource
                0x0000000008000d14       0x58 build/stm32g4xx_hal_rcc.o
 .text.HAL_RCC_OscConfig
                0x0000000008000d6c      0x4e8 build/stm32g4xx_hal_rcc.o
                0x0000000008000d6c                HAL_RCC_OscConfig
 .text.HAL_RCC_GetSysClockFreq
                0x0000000008001254       0x88 build/stm32g4xx_hal_rcc.o
                0x0000000008001254                HAL_RCC_GetSysClockFreq
 .text.HAL_RCC_ClockConfig
                0x00000000080012dc      0x1f8 build/stm32g4xx_hal_rcc.o
                0x00000000080012dc                HAL_RCC_ClockConfig
 .text.HAL_RCC_GetHCLKFreq
                0x00000000080014d4        0xc build/stm32g4xx_hal_rcc.o
                0x00000000080014d4                HAL_RCC_GetHCLKFreq
 .text.HAL_RCC_GetPCLK1Freq
                0x00000000080014e0       0x24 build/stm32g4xx_hal_rcc.o
                0x00000000080014e0                HAL_RCC_GetPCLK1Freq
 .text.HAL_RCC_GetPCLK2Freq
                0x0000000008001504       0x24 build/stm32g4xx_hal_rcc.o
                0x0000000008001504                HAL_RCC_GetPCLK2Freq
 .text.HAL_RCCEx_PeriphCLKConfig
                0x0000000008001528      0x378 build/stm32g4xx_hal_rcc_ex.o
                0x0000000008001528                HAL_RCCEx_PeriphCLKConfig
 .text.UART_SetConfig
                0x00000000080018a0      0x38c build/stm32g4xx_hal_uart.o
                0x00000000080018a0                UART_SetConfig
 .text.UART_AdvFeatureConfig
                0x0000000008001c2c       0xca build/stm32g4xx_hal_uart.o
                0x0000000008001c2c                UART_AdvFeatureConfig
 .text.UART_WaitOnFlagUntilTimeout
                0x0000000008001cf6       0xb0 build/stm32g4xx_hal_uart.o
                0x0000000008001cf6                UART_WaitOnFlagUntilTimeout
 .text.UART_CheckIdleState
                0x0000000008001da6       0x72 build/stm32g4xx_hal_uart.o
                0x0000000008001da6                UART_CheckIdleState
 .text.HAL_UART_Init
                0x0000000008001e18       0x66 build/stm32g4xx_hal_uart.o
                0x0000000008001e18                HAL_UART_Init
 *fill*         0x0000000008001e7e        0x2 
 .text.UARTEx_SetNbDataToProcess
                0x0000000008001e80       0x70 build/stm32g4xx_hal_uart_ex.o
 .text.HAL_UARTEx_DisableFifoMode
                0x0000000008001ef0       0x3e build/stm32g4xx_hal_uart_ex.o
                0x0000000008001ef0                HAL_UARTEx_DisableFifoMode
 .text.HAL_UARTEx_SetTxFifoThreshold
                0x0000000008001f2e       0x4a build/stm32g4xx_hal_uart_ex.o
                0x0000000008001f2e                HAL_UARTEx_SetTxFifoThreshold
 .text.HAL_UARTEx_SetRxFifoThreshold
                0x0000000008001f78       0x4a build/stm32g4xx_hal_uart_ex.o
                0x0000000008001f78                HAL_UARTEx_SetRxFifoThreshold
 *fill*         0x0000000008001fc2        0x2 
 .text.Reset_Handler
                0x0000000008001fc4       0x50 build/startup_stm32g474xx.o
                0x0000000008001fc4                Reset_Handler
 .text.Default_Handler
                0x0000000008002014        0x2 build/startup_stm32g474xx.o
                0x0000000008002014                RTC_Alarm_IRQHandler
                0x0000000008002014                EXTI2_IRQHandler
                0x0000000008002014                TIM8_TRG_COM_IRQHandler
                0x0000000008002014                TIM8_CC_IRQHandler
                0x0000000008002014                HRTIM1_Master_IRQHandler
                0x0000000008002014                SPI4_IRQHandler
                0x0000000008002014                FDCAN3_IT0_IRQHandler
                0x0000000008002014                TIM1_CC_IRQHandler
                0x0000000008002014                HRTIM1_FLT_IRQHandler
                0x0000000008002014                HRTIM1_TIMF_IRQHandler
                0x0000000008002014                USB_HP_IRQHandler
                0x0000000008002014                CORDIC_IRQHandler
                0x0000000008002014                HRTIM1_TIMD_IRQHandler
                0x0000000008002014                DMA2_Channel8_IRQHandler
                0x0000000008002014                EXTI3_IRQHandler
                0x0000000008002014                I2C3_ER_IRQHandler
                0x0000000008002014                EXTI0_IRQHandler
                0x0000000008002014                I2C2_EV_IRQHandler
                0x0000000008002014                FPU_IRQHandler
                0x0000000008002014                FDCAN1_IT1_IRQHandler
                0x0000000008002014                TIM1_UP_TIM16_IRQHandler
                0x0000000008002014                ADC1_2_IRQHandler
                0x0000000008002014                HRTIM1_TIME_IRQHandler
                0x0000000008002014                SPI1_IRQHandler
                0x0000000008002014                TIM6_DAC_IRQHandler
                0x0000000008002014                HRTIM1_TIMC_IRQHandler
                0x0000000008002014                TIM8_UP_IRQHandler
                0x0000000008002014                DMA2_Channel2_IRQHandler
                0x0000000008002014                DMA1_Channel4_IRQHandler
                0x0000000008002014                TIM20_TRG_COM_IRQHandler
                0x0000000008002014                USART3_IRQHandler
                0x0000000008002014                DMA1_Channel7_IRQHandler
                0x0000000008002014                UART5_IRQHandler
                0x0000000008002014                ADC3_IRQHandler
                0x0000000008002014                TIM4_IRQHandler
                0x0000000008002014                DMA2_Channel1_IRQHandler
                0x0000000008002014                QUADSPI_IRQHandler
                0x0000000008002014                I2C1_EV_IRQHandler
                0x0000000008002014                DMA1_Channel6_IRQHandler
                0x0000000008002014                UART4_IRQHandler
                0x0000000008002014                DMA2_Channel4_IRQHandler
                0x0000000008002014                TIM3_IRQHandler
                0x0000000008002014                RCC_IRQHandler
                0x0000000008002014                TIM20_UP_IRQHandler
                0x0000000008002014                DMA1_Channel1_IRQHandler
                0x0000000008002014                Default_Handler
                0x0000000008002014                DMA2_Channel7_IRQHandler
                0x0000000008002014                RTC_TAMP_LSECSS_IRQHandler
                0x0000000008002014                FMAC_IRQHandler
                0x0000000008002014                DMA1_Channel8_IRQHandler
                0x0000000008002014                HRTIM1_TIMA_IRQHandler
                0x0000000008002014                TIM7_DAC_IRQHandler
                0x0000000008002014                FDCAN3_IT1_IRQHandler
                0x0000000008002014                TIM5_IRQHandler
                0x0000000008002014                UCPD1_IRQHandler
                0x0000000008002014                I2C3_EV_IRQHandler
                0x0000000008002014                EXTI9_5_IRQHandler
                0x0000000008002014                RTC_WKUP_IRQHandler
                0x0000000008002014                PVD_PVM_IRQHandler
                0x0000000008002014                SPI2_IRQHandler
                0x0000000008002014                ADC5_IRQHandler
                0x0000000008002014                DMA2_Channel5_IRQHandler
                0x0000000008002014                CRS_IRQHandler
                0x0000000008002014                DMA1_Channel5_IRQHandler
                0x0000000008002014                USB_LP_IRQHandler
                0x0000000008002014                EXTI4_IRQHandler
                0x0000000008002014                RNG_IRQHandler
                0x0000000008002014                HRTIM1_TIMB_IRQHandler
                0x0000000008002014                TIM1_TRG_COM_TIM17_IRQHandler
                0x0000000008002014                FDCAN2_IT1_IRQHandler
                0x0000000008002014                DMA1_Channel3_IRQHandler
                0x0000000008002014                ADC4_IRQHandler
                0x0000000008002014                WWDG_IRQHandler
                0x0000000008002014                I2C4_EV_IRQHandler
                0x0000000008002014                FDCAN2_IT0_IRQHandler
                0x0000000008002014                LPUART1_IRQHandler
                0x0000000008002014                DMA2_Channel6_IRQHandler
                0x0000000008002014                FDCAN1_IT0_IRQHandler
                0x0000000008002014                TIM2_IRQHandler
                0x0000000008002014                COMP7_IRQHandler
                0x0000000008002014                COMP1_2_3_IRQHandler
                0x0000000008002014                EXTI1_IRQHandler
                0x0000000008002014                USART2_IRQHandler
                0x0000000008002014                COMP4_5_6_IRQHandler
                0x0000000008002014                TIM20_BRK_IRQHandler
                0x0000000008002014                I2C2_ER_IRQHandler
                0x0000000008002014                DMA1_Channel2_IRQHandler
                0x0000000008002014                TIM8_BRK_IRQHandler
                0x0000000008002014                FLASH_IRQHandler
                0x0000000008002014                TIM20_CC_IRQHandler
                0x0000000008002014                USART1_IRQHandler
                0x0000000008002014                SPI3_IRQHandler
                0x0000000008002014                I2C1_ER_IRQHandler
                0x0000000008002014                FMC_IRQHandler
                0x0000000008002014                LPTIM1_IRQHandler
                0x0000000008002014                DMAMUX_OVR_IRQHandler
                0x0000000008002014                I2C4_ER_IRQHandler
                0x0000000008002014                USBWakeUp_IRQHandler
                0x0000000008002014                SAI1_IRQHandler
                0x0000000008002014                DMA2_Channel3_IRQHandler
                0x0000000008002014                TIM1_BRK_TIM15_IRQHandler
 *fill*         0x0000000008002016        0x2 
 .text.__libc_init_array
                0x0000000008002018       0x48 c:/users/slin/appdata/roaming/code/user/globalstorage/bmd.stm32-for-vscode/@xpack-dev-tools/arm-none-eabi-gcc/10.2.1-1.1.2/.content/bin/../lib/gcc/arm-none-eabi/10.2.1/../../../../arm-none-eabi/lib/thumb/v7e-m+fp/hard\libc.a(lib_a-init.o)
                0x0000000008002018                __libc_init_array
 .text.memset   0x0000000008002060       0xa4 c:/users/slin/appdata/roaming/code/user/globalstorage/bmd.stm32-for-vscode/@xpack-dev-tools/arm-none-eabi-gcc/10.2.1-1.1.2/.content/bin/../lib/gcc/arm-none-eabi/10.2.1/../../../../arm-none-eabi/lib/thumb/v7e-m+fp/hard\libc.a(lib_a-memset.o)
                0x0000000008002060                memset
 .text.startup.register_fini
                0x0000000008002104       0x14 c:/users/slin/appdata/roaming/code/user/globalstorage/bmd.stm32-for-vscode/@xpack-dev-tools/arm-none-eabi-gcc/10.2.1-1.1.2/.content/bin/../lib/gcc/arm-none-eabi/10.2.1/../../../../arm-none-eabi/lib/thumb/v7e-m+fp/hard\libc.a(lib_a-__call_atexit.o)
 .text.__libc_fini_array
                0x0000000008002118       0x2c c:/users/slin/appdata/roaming/code/user/globalstorage/bmd.stm32-for-vscode/@xpack-dev-tools/arm-none-eabi-gcc/10.2.1-1.1.2/.content/bin/../lib/gcc/arm-none-eabi/10.2.1/../../../../arm-none-eabi/lib/thumb/v7e-m+fp/hard\libc.a(lib_a-fini.o)
                0x0000000008002118                __libc_fini_array
 .text.__retarget_lock_acquire_recursive
                0x0000000008002144        0x4 c:/users/slin/appdata/roaming/code/user/globalstorage/bmd.stm32-for-vscode/@xpack-dev-tools/arm-none-eabi-gcc/10.2.1-1.1.2/.content/bin/../lib/gcc/arm-none-eabi/10.2.1/../../../../arm-none-eabi/lib/thumb/v7e-m+fp/hard\libc.a(lib_a-lock.o)
                0x0000000008002144                __retarget_lock_acquire_recursive
 .text.__retarget_lock_release_recursive
                0x0000000008002148        0x4 c:/users/slin/appdata/roaming/code/user/globalstorage/bmd.stm32-for-vscode/@xpack-dev-tools/arm-none-eabi-gcc/10.2.1-1.1.2/.content/bin/../lib/gcc/arm-none-eabi/10.2.1/../../../../arm-none-eabi/lib/thumb/v7e-m+fp/hard\libc.a(lib_a-lock.o)
                0x0000000008002148                __retarget_lock_release_recursive
 .text.atexit   0x000000000800214c        0xc c:/users/slin/appdata/roaming/code/user/globalstorage/bmd.stm32-for-vscode/@xpack-dev-tools/arm-none-eabi-gcc/10.2.1-1.1.2/.content/bin/../lib/gcc/arm-none-eabi/10.2.1/../../../../arm-none-eabi/lib/thumb/v7e-m+fp/hard\libc.a(lib_a-atexit.o)
                0x000000000800214c                atexit
 .text.__register_exitproc
                0x0000000008002158       0x8c c:/users/slin/appdata/roaming/code/user/globalstorage/bmd.stm32-for-vscode/@xpack-dev-tools/arm-none-eabi-gcc/10.2.1-1.1.2/.content/bin/../lib/gcc/arm-none-eabi/10.2.1/../../../../arm-none-eabi/lib/thumb/v7e-m+fp/hard\libc.a(lib_a-__atexit.o)
                0x0000000008002158                __register_exitproc
 .text._exit    0x00000000080021e4        0x4 c:/users/slin/appdata/roaming/code/user/globalstorage/bmd.stm32-for-vscode/@xpack-dev-tools/arm-none-eabi-gcc/10.2.1-1.1.2/.content/bin/../lib/gcc/arm-none-eabi/10.2.1/../../../../arm-none-eabi/lib/thumb/v7e-m+fp/hard\libnosys.a(_exit.o)
                0x00000000080021e4                _exit
 .text.__udivmoddi4
                0x00000000080021e8      0x2d0 c:/users/slin/appdata/roaming/code/user/globalstorage/bmd.stm32-for-vscode/@xpack-dev-tools/arm-none-eabi-gcc/10.2.1-1.1.2/.content/bin/../lib/gcc/arm-none-eabi/10.2.1/thumb/v7e-m+fp/hard\libgcc.a(_udivmoddi4.o)
                0x00000000080021e8                __udivmoddi4
 .text.selfrel_offset31
                0x00000000080024b8       0x14 c:/users/slin/appdata/roaming/code/user/globalstorage/bmd.stm32-for-vscode/@xpack-dev-tools/arm-none-eabi-gcc/10.2.1-1.1.2/.content/bin/../lib/gcc/arm-none-eabi/10.2.1/thumb/v7e-m+fp/hard\libgcc.a(unwind-arm.o)
 .text.search_EIT_table
                0x00000000080024cc       0x5c c:/users/slin/appdata/roaming/code/user/globalstorage/bmd.stm32-for-vscode/@xpack-dev-tools/arm-none-eabi-gcc/10.2.1-1.1.2/.content/bin/../lib/gcc/arm-none-eabi/10.2.1/thumb/v7e-m+fp/hard\libgcc.a(unwind-arm.o)
 .text.__gnu_unwind_get_pr_addr
                0x0000000008002528       0x28 c:/users/slin/appdata/roaming/code/user/globalstorage/bmd.stm32-for-vscode/@xpack-dev-tools/arm-none-eabi-gcc/10.2.1-1.1.2/.content/bin/../lib/gcc/arm-none-eabi/10.2.1/thumb/v7e-m+fp/hard\libgcc.a(unwind-arm.o)
 .text.get_eit_entry
                0x0000000008002550       0x9c c:/users/slin/appdata/roaming/code/user/globalstorage/bmd.stm32-for-vscode/@xpack-dev-tools/arm-none-eabi-gcc/10.2.1-1.1.2/.content/bin/../lib/gcc/arm-none-eabi/10.2.1/thumb/v7e-m+fp/hard\libgcc.a(unwind-arm.o)
 .text.restore_non_core_regs
                0x00000000080025ec       0x58 c:/users/slin/appdata/roaming/code/user/globalstorage/bmd.stm32-for-vscode/@xpack-dev-tools/arm-none-eabi-gcc/10.2.1-1.1.2/.content/bin/../lib/gcc/arm-none-eabi/10.2.1/thumb/v7e-m+fp/hard\libgcc.a(unwind-arm.o)
 .text._Unwind_decode_typeinfo_ptr.constprop.0
                0x0000000008002644        0xc c:/users/slin/appdata/roaming/code/user/globalstorage/bmd.stm32-for-vscode/@xpack-dev-tools/arm-none-eabi-gcc/10.2.1-1.1.2/.content/bin/../lib/gcc/arm-none-eabi/10.2.1/thumb/v7e-m+fp/hard\libgcc.a(unwind-arm.o)
 .text._Unwind_DebugHook
                0x0000000008002650        0x4 c:/users/slin/appdata/roaming/code/user/globalstorage/bmd.stm32-for-vscode/@xpack-dev-tools/arm-none-eabi-gcc/10.2.1-1.1.2/.content/bin/../lib/gcc/arm-none-eabi/10.2.1/thumb/v7e-m+fp/hard\libgcc.a(unwind-arm.o)
 .text.unwind_phase2
                0x0000000008002654       0x3c c:/users/slin/appdata/roaming/code/user/globalstorage/bmd.stm32-for-vscode/@xpack-dev-tools/arm-none-eabi-gcc/10.2.1-1.1.2/.content/bin/../lib/gcc/arm-none-eabi/10.2.1/thumb/v7e-m+fp/hard\libgcc.a(unwind-arm.o)
 .text.unwind_phase2_forced
                0x0000000008002690       0xcc c:/users/slin/appdata/roaming/code/user/globalstorage/bmd.stm32-for-vscode/@xpack-dev-tools/arm-none-eabi-gcc/10.2.1-1.1.2/.content/bin/../lib/gcc/arm-none-eabi/10.2.1/thumb/v7e-m+fp/hard\libgcc.a(unwind-arm.o)
 .text.__gnu_Unwind_RaiseException
                0x000000000800275c       0x68 c:/users/slin/appdata/roaming/code/user/globalstorage/bmd.stm32-for-vscode/@xpack-dev-tools/arm-none-eabi-gcc/10.2.1-1.1.2/.content/bin/../lib/gcc/arm-none-eabi/10.2.1/thumb/v7e-m+fp/hard\libgcc.a(unwind-arm.o)
                0x000000000800275c                __gnu_Unwind_RaiseException
 .text.__gnu_Unwind_ForcedUnwind
                0x00000000080027c4       0x10 c:/users/slin/appdata/roaming/code/user/globalstorage/bmd.stm32-for-vscode/@xpack-dev-tools/arm-none-eabi-gcc/10.2.1-1.1.2/.content/bin/../lib/gcc/arm-none-eabi/10.2.1/thumb/v7e-m+fp/hard\libgcc.a(unwind-arm.o)
                0x00000000080027c4                __gnu_Unwind_ForcedUnwind
 .text.__gnu_Unwind_Resume
                0x00000000080027d4       0x44 c:/users/slin/appdata/roaming/code/user/globalstorage/bmd.stm32-for-vscode/@xpack-dev-tools/arm-none-eabi-gcc/10.2.1-1.1.2/.content/bin/../lib/gcc/arm-none-eabi/10.2.1/thumb/v7e-m+fp/hard\libgcc.a(unwind-arm.o)
                0x00000000080027d4                __gnu_Unwind_Resume
 .text.__gnu_Unwind_Resume_or_Rethrow
                0x0000000008002818       0x14 c:/users/slin/appdata/roaming/code/user/globalstorage/bmd.stm32-for-vscode/@xpack-dev-tools/arm-none-eabi-gcc/10.2.1-1.1.2/.content/bin/../lib/gcc/arm-none-eabi/10.2.1/thumb/v7e-m+fp/hard\libgcc.a(unwind-arm.o)
                0x0000000008002818                __gnu_Unwind_Resume_or_Rethrow
 .text._Unwind_VRS_Get
                0x000000000800282c       0x30 c:/users/slin/appdata/roaming/code/user/globalstorage/bmd.stm32-for-vscode/@xpack-dev-tools/arm-none-eabi-gcc/10.2.1-1.1.2/.content/bin/../lib/gcc/arm-none-eabi/10.2.1/thumb/v7e-m+fp/hard\libgcc.a(unwind-arm.o)
                0x000000000800282c                _Unwind_VRS_Get
 .text._Unwind_GetGR
                0x000000000800285c       0x1c c:/users/slin/appdata/roaming/code/user/globalstorage/bmd.stm32-for-vscode/@xpack-dev-tools/arm-none-eabi-gcc/10.2.1-1.1.2/.content/bin/../lib/gcc/arm-none-eabi/10.2.1/thumb/v7e-m+fp/hard\libgcc.a(unwind-arm.o)
 .text._Unwind_VRS_Set
                0x0000000008002878       0x30 c:/users/slin/appdata/roaming/code/user/globalstorage/bmd.stm32-for-vscode/@xpack-dev-tools/arm-none-eabi-gcc/10.2.1-1.1.2/.content/bin/../lib/gcc/arm-none-eabi/10.2.1/thumb/v7e-m+fp/hard\libgcc.a(unwind-arm.o)
                0x0000000008002878                _Unwind_VRS_Set
 .text._Unwind_SetGR
                0x00000000080028a8       0x18 c:/users/slin/appdata/roaming/code/user/globalstorage/bmd.stm32-for-vscode/@xpack-dev-tools/arm-none-eabi-gcc/10.2.1-1.1.2/.content/bin/../lib/gcc/arm-none-eabi/10.2.1/thumb/v7e-m+fp/hard\libgcc.a(unwind-arm.o)
 .text.__gnu_Unwind_Backtrace
                0x00000000080028c0       0x84 c:/users/slin/appdata/roaming/code/user/globalstorage/bmd.stm32-for-vscode/@xpack-dev-tools/arm-none-eabi-gcc/10.2.1-1.1.2/.content/bin/../lib/gcc/arm-none-eabi/10.2.1/thumb/v7e-m+fp/hard\libgcc.a(unwind-arm.o)
                0x00000000080028c0                __gnu_Unwind_Backtrace
 .text.__gnu_unwind_pr_common
                0x0000000008002944      0x2a8 c:/users/slin/appdata/roaming/code/user/globalstorage/bmd.stm32-for-vscode/@xpack-dev-tools/arm-none-eabi-gcc/10.2.1-1.1.2/.content/bin/../lib/gcc/arm-none-eabi/10.2.1/thumb/v7e-m+fp/hard\libgcc.a(unwind-arm.o)
 .text.__aeabi_unwind_cpp_pr0
                0x0000000008002bec        0x8 c:/users/slin/appdata/roaming/code/user/globalstorage/bmd.stm32-for-vscode/@xpack-dev-tools/arm-none-eabi-gcc/10.2.1-1.1.2/.content/bin/../lib/gcc/arm-none-eabi/10.2.1/thumb/v7e-m+fp/hard\libgcc.a(unwind-arm.o)
                0x0000000008002bec                __aeabi_unwind_cpp_pr0
 .text.__aeabi_unwind_cpp_pr1
                0x0000000008002bf4        0x8 c:/users/slin/appdata/roaming/code/user/globalstorage/bmd.stm32-for-vscode/@xpack-dev-tools/arm-none-eabi-gcc/10.2.1-1.1.2/.content/bin/../lib/gcc/arm-none-eabi/10.2.1/thumb/v7e-m+fp/hard\libgcc.a(unwind-arm.o)
                0x0000000008002bf4                __aeabi_unwind_cpp_pr1
 .text.__aeabi_unwind_cpp_pr2
                0x0000000008002bfc        0x8 c:/users/slin/appdata/roaming/code/user/globalstorage/bmd.stm32-for-vscode/@xpack-dev-tools/arm-none-eabi-gcc/10.2.1-1.1.2/.content/bin/../lib/gcc/arm-none-eabi/10.2.1/thumb/v7e-m+fp/hard\libgcc.a(unwind-arm.o)
                0x0000000008002bfc                __aeabi_unwind_cpp_pr2
 .text._Unwind_VRS_Pop
                0x0000000008002c04      0x284 c:/users/slin/appdata/roaming/code/user/globalstorage/bmd.stm32-for-vscode/@xpack-dev-tools/arm-none-eabi-gcc/10.2.1-1.1.2/.content/bin/../lib/gcc/arm-none-eabi/10.2.1/thumb/v7e-m+fp/hard\libgcc.a(unwind-arm.o)
                0x0000000008002c04                _Unwind_VRS_Pop
 .text.next_unwind_byte
                0x0000000008002e88       0x38 c:/users/slin/appdata/roaming/code/user/globalstorage/bmd.stm32-for-vscode/@xpack-dev-tools/arm-none-eabi-gcc/10.2.1-1.1.2/.content/bin/../lib/gcc/arm-none-eabi/10.2.1/thumb/v7e-m+fp/hard\libgcc.a(pr-support.o)
 .text.__gnu_unwind_execute
                0x0000000008002ec0      0x2ac c:/users/slin/appdata/roaming/code/user/globalstorage/bmd.stm32-for-vscode/@xpack-dev-tools/arm-none-eabi-gcc/10.2.1-1.1.2/.content/bin/../lib/gcc/arm-none-eabi/10.2.1/thumb/v7e-m+fp/hard\libgcc.a(pr-support.o)
                0x0000000008002ec0                __gnu_unwind_execute
 .text.abort    0x000000000800316c       0x10 c:/users/slin/appdata/roaming/code/user/globalstorage/bmd.stm32-for-vscode/@xpack-dev-tools/arm-none-eabi-gcc/10.2.1-1.1.2/.content/bin/../lib/gcc/arm-none-eabi/10.2.1/../../../../arm-none-eabi/lib/thumb/v7e-m+fp/hard\libc.a(lib_a-abort.o)
                0x000000000800316c                abort
 .text.raise    0x000000000800317c       0x5c c:/users/slin/appdata/roaming/code/user/globalstorage/bmd.stm32-for-vscode/@xpack-dev-tools/arm-none-eabi-gcc/10.2.1-1.1.2/.content/bin/../lib/gcc/arm-none-eabi/10.2.1/../../../../arm-none-eabi/lib/thumb/v7e-m+fp/hard\libc.a(lib_a-signal.o)
                0x000000000800317c                raise
 .text._kill_r  0x00000000080031d8       0x2c c:/users/slin/appdata/roaming/code/user/globalstorage/bmd.stm32-for-vscode/@xpack-dev-tools/arm-none-eabi-gcc/10.2.1-1.1.2/.content/bin/../lib/gcc/arm-none-eabi/10.2.1/../../../../arm-none-eabi/lib/thumb/v7e-m+fp/hard\libc.a(lib_a-signalr.o)
                0x00000000080031d8                _kill_r
 .text._getpid_r
                0x0000000008003204        0x4 c:/users/slin/appdata/roaming/code/user/globalstorage/bmd.stm32-for-vscode/@xpack-dev-tools/arm-none-eabi-gcc/10.2.1-1.1.2/.content/bin/../lib/gcc/arm-none-eabi/10.2.1/../../../../arm-none-eabi/lib/thumb/v7e-m+fp/hard\libc.a(lib_a-signalr.o)
                0x0000000008003204                _getpid_r
 .text._getpid  0x0000000008003208       0x10 c:/users/slin/appdata/roaming/code/user/globalstorage/bmd.stm32-for-vscode/@xpack-dev-tools/arm-none-eabi-gcc/10.2.1-1.1.2/.content/bin/../lib/gcc/arm-none-eabi/10.2.1/../../../../arm-none-eabi/lib/thumb/v7e-m+fp/hard\libnosys.a(getpid.o)
                0x0000000008003208                _getpid
 .text._kill    0x0000000008003218       0x10 c:/users/slin/appdata/roaming/code/user/globalstorage/bmd.stm32-for-vscode/@xpack-dev-tools/arm-none-eabi-gcc/10.2.1-1.1.2/.content/bin/../lib/gcc/arm-none-eabi/10.2.1/../../../../arm-none-eabi/lib/thumb/v7e-m+fp/hard\libnosys.a(kill.o)
                0x0000000008003218                _kill
 *(.glue_7)
 .glue_7        0x0000000008003228        0x0 linker stubs
 *(.glue_7t)
 .glue_7t       0x0000000008003228        0x0 linker stubs
 *(.eh_frame)
 .eh_frame      0x0000000008003228        0x0 c:/users/slin/appdata/roaming/code/user/globalstorage/bmd.stm32-for-vscode/@xpack-dev-tools/arm-none-eabi-gcc/10.2.1-1.1.2/.content/bin/../lib/gcc/arm-none-eabi/10.2.1/thumb/v7e-m+fp/hard/crtbegin.o
 *(.init)
 .init          0x0000000008003228        0x4 c:/users/slin/appdata/roaming/code/user/globalstorage/bmd.stm32-for-vscode/@xpack-dev-tools/arm-none-eabi-gcc/10.2.1-1.1.2/.content/bin/../lib/gcc/arm-none-eabi/10.2.1/thumb/v7e-m+fp/hard/crti.o
                0x0000000008003228                _init
 .init          0x000000000800322c        0x8 c:/users/slin/appdata/roaming/code/user/globalstorage/bmd.stm32-for-vscode/@xpack-dev-tools/arm-none-eabi-gcc/10.2.1-1.1.2/.content/bin/../lib/gcc/arm-none-eabi/10.2.1/thumb/v7e-m+fp/hard/crtn.o
 *(.fini)
 .fini          0x0000000008003234        0x4 c:/users/slin/appdata/roaming/code/user/globalstorage/bmd.stm32-for-vscode/@xpack-dev-tools/arm-none-eabi-gcc/10.2.1-1.1.2/.content/bin/../lib/gcc/arm-none-eabi/10.2.1/thumb/v7e-m+fp/hard/crti.o
                0x0000000008003234                _fini
 .fini          0x0000000008003238        0x8 c:/users/slin/appdata/roaming/code/user/globalstorage/bmd.stm32-for-vscode/@xpack-dev-tools/arm-none-eabi-gcc/10.2.1-1.1.2/.content/bin/../lib/gcc/arm-none-eabi/10.2.1/thumb/v7e-m+fp/hard/crtn.o
                0x0000000008003240                . = ALIGN (0x4)
                0x0000000008003240                _etext = .

.vfp11_veneer   0x0000000008003240        0x0
 .vfp11_veneer  0x0000000008003240        0x0 linker stubs

.v4_bx          0x0000000008003240        0x0
 .v4_bx         0x0000000008003240        0x0 linker stubs

.iplt           0x0000000008003240        0x0
 .iplt          0x0000000008003240        0x0 c:/users/slin/appdata/roaming/code/user/globalstorage/bmd.stm32-for-vscode/@xpack-dev-tools/arm-none-eabi-gcc/10.2.1-1.1.2/.content/bin/../lib/gcc/arm-none-eabi/10.2.1/thumb/v7e-m+fp/hard/crtbegin.o

.rodata         0x0000000008003240       0x48
                0x0000000008003240                . = ALIGN (0x4)
 *(.rodata)
 .rodata        0x0000000008003240        0x8 build/stm32g4xx_hal_uart_ex.o
 *(.rodata*)
 .rodata.AHBPrescTable
                0x0000000008003248       0x10 build/system_stm32g4xx.o
                0x0000000008003248                AHBPrescTable
 .rodata.APBPrescTable
                0x0000000008003258        0x8 build/system_stm32g4xx.o
                0x0000000008003258                APBPrescTable
 .rodata.UARTPrescTable
                0x0000000008003260       0x18 build/stm32g4xx_hal_uart.o
                0x0000000008003260                UARTPrescTable
 .rodata.UARTEx_SetNbDataToProcess.str1.4
                0x0000000008003278        0x9 build/stm32g4xx_hal_uart_ex.o
 *fill*         0x0000000008003281        0x3 
 .rodata._global_impure_ptr
                0x0000000008003284        0x4 c:/users/slin/appdata/roaming/code/user/globalstorage/bmd.stm32-for-vscode/@xpack-dev-tools/arm-none-eabi-gcc/10.2.1-1.1.2/.content/bin/../lib/gcc/arm-none-eabi/10.2.1/../../../../arm-none-eabi/lib/thumb/v7e-m+fp/hard\libc.a(lib_a-impure.o)
                0x0000000008003284                _global_impure_ptr
                0x0000000008003288                . = ALIGN (0x4)

.ARM.extab      0x0000000008003288        0xc
 *(.ARM.extab* .gnu.linkonce.armextab.*)
 .ARM.extab.text.abort
                0x0000000008003288        0xc c:/users/slin/appdata/roaming/code/user/globalstorage/bmd.stm32-for-vscode/@xpack-dev-tools/arm-none-eabi-gcc/10.2.1-1.1.2/.content/bin/../lib/gcc/arm-none-eabi/10.2.1/../../../../arm-none-eabi/lib/thumb/v7e-m+fp/hard\libc.a(lib_a-abort.o)

.ARM            0x0000000008003294       0xc8
                0x0000000008003294                __exidx_start = .
 *(.ARM.exidx*)
 .ARM.exidx.text.__libc_init_array
                0x0000000008003294        0x8 c:/users/slin/appdata/roaming/code/user/globalstorage/bmd.stm32-for-vscode/@xpack-dev-tools/arm-none-eabi-gcc/10.2.1-1.1.2/.content/bin/../lib/gcc/arm-none-eabi/10.2.1/../../../../arm-none-eabi/lib/thumb/v7e-m+fp/hard\libc.a(lib_a-init.o)
 .ARM.exidx.text.memset
                0x000000000800329c        0x8 c:/users/slin/appdata/roaming/code/user/globalstorage/bmd.stm32-for-vscode/@xpack-dev-tools/arm-none-eabi-gcc/10.2.1-1.1.2/.content/bin/../lib/gcc/arm-none-eabi/10.2.1/../../../../arm-none-eabi/lib/thumb/v7e-m+fp/hard\libc.a(lib_a-memset.o)
 .ARM.exidx.text.startup.register_fini
                0x00000000080032a4        0x0 c:/users/slin/appdata/roaming/code/user/globalstorage/bmd.stm32-for-vscode/@xpack-dev-tools/arm-none-eabi-gcc/10.2.1-1.1.2/.content/bin/../lib/gcc/arm-none-eabi/10.2.1/../../../../arm-none-eabi/lib/thumb/v7e-m+fp/hard\libc.a(lib_a-__call_atexit.o)
                                          0x8 (size before relaxing)
 .ARM.exidx.text.__libc_fini_array
                0x00000000080032a4        0x8 c:/users/slin/appdata/roaming/code/user/globalstorage/bmd.stm32-for-vscode/@xpack-dev-tools/arm-none-eabi-gcc/10.2.1-1.1.2/.content/bin/../lib/gcc/arm-none-eabi/10.2.1/../../../../arm-none-eabi/lib/thumb/v7e-m+fp/hard\libc.a(lib_a-fini.o)
 .ARM.exidx.text.__retarget_lock_acquire_recursive
                0x00000000080032ac        0x8 c:/users/slin/appdata/roaming/code/user/globalstorage/bmd.stm32-for-vscode/@xpack-dev-tools/arm-none-eabi-gcc/10.2.1-1.1.2/.content/bin/../lib/gcc/arm-none-eabi/10.2.1/../../../../arm-none-eabi/lib/thumb/v7e-m+fp/hard\libc.a(lib_a-lock.o)
 .ARM.exidx.text.__retarget_lock_release_recursive
                0x00000000080032b4        0x0 c:/users/slin/appdata/roaming/code/user/globalstorage/bmd.stm32-for-vscode/@xpack-dev-tools/arm-none-eabi-gcc/10.2.1-1.1.2/.content/bin/../lib/gcc/arm-none-eabi/10.2.1/../../../../arm-none-eabi/lib/thumb/v7e-m+fp/hard\libc.a(lib_a-lock.o)
                                          0x8 (size before relaxing)
 .ARM.exidx.text.atexit
                0x00000000080032b4        0x0 c:/users/slin/appdata/roaming/code/user/globalstorage/bmd.stm32-for-vscode/@xpack-dev-tools/arm-none-eabi-gcc/10.2.1-1.1.2/.content/bin/../lib/gcc/arm-none-eabi/10.2.1/../../../../arm-none-eabi/lib/thumb/v7e-m+fp/hard\libc.a(lib_a-atexit.o)
                                          0x8 (size before relaxing)
 .ARM.exidx.text.__register_exitproc
                0x00000000080032b4        0x8 c:/users/slin/appdata/roaming/code/user/globalstorage/bmd.stm32-for-vscode/@xpack-dev-tools/arm-none-eabi-gcc/10.2.1-1.1.2/.content/bin/../lib/gcc/arm-none-eabi/10.2.1/../../../../arm-none-eabi/lib/thumb/v7e-m+fp/hard\libc.a(lib_a-__atexit.o)
 .ARM.exidx.text._exit
                0x00000000080032bc        0x8 c:/users/slin/appdata/roaming/code/user/globalstorage/bmd.stm32-for-vscode/@xpack-dev-tools/arm-none-eabi-gcc/10.2.1-1.1.2/.content/bin/../lib/gcc/arm-none-eabi/10.2.1/../../../../arm-none-eabi/lib/thumb/v7e-m+fp/hard\libnosys.a(_exit.o)
 .ARM.exidx.text.__udivmoddi4
                0x00000000080032c4        0x0 c:/users/slin/appdata/roaming/code/user/globalstorage/bmd.stm32-for-vscode/@xpack-dev-tools/arm-none-eabi-gcc/10.2.1-1.1.2/.content/bin/../lib/gcc/arm-none-eabi/10.2.1/thumb/v7e-m+fp/hard\libgcc.a(_udivmoddi4.o)
                                          0x8 (size before relaxing)
 .ARM.exidx.text.selfrel_offset31
                0x00000000080032c4        0x0 c:/users/slin/appdata/roaming/code/user/globalstorage/bmd.stm32-for-vscode/@xpack-dev-tools/arm-none-eabi-gcc/10.2.1-1.1.2/.content/bin/../lib/gcc/arm-none-eabi/10.2.1/thumb/v7e-m+fp/hard\libgcc.a(unwind-arm.o)
                                          0x8 (size before relaxing)
 .ARM.exidx.text.search_EIT_table
                0x00000000080032c4        0x0 c:/users/slin/appdata/roaming/code/user/globalstorage/bmd.stm32-for-vscode/@xpack-dev-tools/arm-none-eabi-gcc/10.2.1-1.1.2/.content/bin/../lib/gcc/arm-none-eabi/10.2.1/thumb/v7e-m+fp/hard\libgcc.a(unwind-arm.o)
                                          0x8 (size before relaxing)
 .ARM.exidx.text.__gnu_unwind_get_pr_addr
                0x00000000080032c4        0x0 c:/users/slin/appdata/roaming/code/user/globalstorage/bmd.stm32-for-vscode/@xpack-dev-tools/arm-none-eabi-gcc/10.2.1-1.1.2/.content/bin/../lib/gcc/arm-none-eabi/10.2.1/thumb/v7e-m+fp/hard\libgcc.a(unwind-arm.o)
                                          0x8 (size before relaxing)
 .ARM.exidx.text.get_eit_entry
                0x00000000080032c4        0x8 c:/users/slin/appdata/roaming/code/user/globalstorage/bmd.stm32-for-vscode/@xpack-dev-tools/arm-none-eabi-gcc/10.2.1-1.1.2/.content/bin/../lib/gcc/arm-none-eabi/10.2.1/thumb/v7e-m+fp/hard\libgcc.a(unwind-arm.o)
 .ARM.exidx.text.restore_non_core_regs
                0x00000000080032cc        0x8 c:/users/slin/appdata/roaming/code/user/globalstorage/bmd.stm32-for-vscode/@xpack-dev-tools/arm-none-eabi-gcc/10.2.1-1.1.2/.content/bin/../lib/gcc/arm-none-eabi/10.2.1/thumb/v7e-m+fp/hard\libgcc.a(unwind-arm.o)
 .ARM.exidx.text._Unwind_decode_typeinfo_ptr.constprop.0
                0x00000000080032d4        0x8 c:/users/slin/appdata/roaming/code/user/globalstorage/bmd.stm32-for-vscode/@xpack-dev-tools/arm-none-eabi-gcc/10.2.1-1.1.2/.content/bin/../lib/gcc/arm-none-eabi/10.2.1/thumb/v7e-m+fp/hard\libgcc.a(unwind-arm.o)
 .ARM.exidx.text._Unwind_DebugHook
                0x00000000080032dc        0x0 c:/users/slin/appdata/roaming/code/user/globalstorage/bmd.stm32-for-vscode/@xpack-dev-tools/arm-none-eabi-gcc/10.2.1-1.1.2/.content/bin/../lib/gcc/arm-none-eabi/10.2.1/thumb/v7e-m+fp/hard\libgcc.a(unwind-arm.o)
                                          0x8 (size before relaxing)
 .ARM.exidx.text.unwind_phase2
                0x00000000080032dc        0x8 c:/users/slin/appdata/roaming/code/user/globalstorage/bmd.stm32-for-vscode/@xpack-dev-tools/arm-none-eabi-gcc/10.2.1-1.1.2/.content/bin/../lib/gcc/arm-none-eabi/10.2.1/thumb/v7e-m+fp/hard\libgcc.a(unwind-arm.o)
 .ARM.exidx.text.unwind_phase2_forced
                0x00000000080032e4        0x8 c:/users/slin/appdata/roaming/code/user/globalstorage/bmd.stm32-for-vscode/@xpack-dev-tools/arm-none-eabi-gcc/10.2.1-1.1.2/.content/bin/../lib/gcc/arm-none-eabi/10.2.1/thumb/v7e-m+fp/hard\libgcc.a(unwind-arm.o)
 .ARM.exidx.text.__gnu_Unwind_RaiseException
                0x00000000080032ec        0x8 c:/users/slin/appdata/roaming/code/user/globalstorage/bmd.stm32-for-vscode/@xpack-dev-tools/arm-none-eabi-gcc/10.2.1-1.1.2/.content/bin/../lib/gcc/arm-none-eabi/10.2.1/thumb/v7e-m+fp/hard\libgcc.a(unwind-arm.o)
 .ARM.exidx.text.__gnu_Unwind_ForcedUnwind
                0x00000000080032f4        0x8 c:/users/slin/appdata/roaming/code/user/globalstorage/bmd.stm32-for-vscode/@xpack-dev-tools/arm-none-eabi-gcc/10.2.1-1.1.2/.content/bin/../lib/gcc/arm-none-eabi/10.2.1/thumb/v7e-m+fp/hard\libgcc.a(unwind-arm.o)
 .ARM.exidx.text.__gnu_Unwind_Resume
                0x00000000080032fc        0x8 c:/users/slin/appdata/roaming/code/user/globalstorage/bmd.stm32-for-vscode/@xpack-dev-tools/arm-none-eabi-gcc/10.2.1-1.1.2/.content/bin/../lib/gcc/arm-none-eabi/10.2.1/thumb/v7e-m+fp/hard\libgcc.a(unwind-arm.o)
 .ARM.exidx.text.__gnu_Unwind_Resume_or_Rethrow
                0x0000000008003304        0x8 c:/users/slin/appdata/roaming/code/user/globalstorage/bmd.stm32-for-vscode/@xpack-dev-tools/arm-none-eabi-gcc/10.2.1-1.1.2/.content/bin/../lib/gcc/arm-none-eabi/10.2.1/thumb/v7e-m+fp/hard\libgcc.a(unwind-arm.o)
 .ARM.exidx.text._Unwind_VRS_Get
                0x000000000800330c        0x0 c:/users/slin/appdata/roaming/code/user/globalstorage/bmd.stm32-for-vscode/@xpack-dev-tools/arm-none-eabi-gcc/10.2.1-1.1.2/.content/bin/../lib/gcc/arm-none-eabi/10.2.1/thumb/v7e-m+fp/hard\libgcc.a(unwind-arm.o)
                                          0x8 (size before relaxing)
 .ARM.exidx.text._Unwind_GetGR
                0x000000000800330c        0x0 c:/users/slin/appdata/roaming/code/user/globalstorage/bmd.stm32-for-vscode/@xpack-dev-tools/arm-none-eabi-gcc/10.2.1-1.1.2/.content/bin/../lib/gcc/arm-none-eabi/10.2.1/thumb/v7e-m+fp/hard\libgcc.a(unwind-arm.o)
                                          0x8 (size before relaxing)
 .ARM.exidx.text._Unwind_VRS_Set
                0x000000000800330c        0x0 c:/users/slin/appdata/roaming/code/user/globalstorage/bmd.stm32-for-vscode/@xpack-dev-tools/arm-none-eabi-gcc/10.2.1-1.1.2/.content/bin/../lib/gcc/arm-none-eabi/10.2.1/thumb/v7e-m+fp/hard\libgcc.a(unwind-arm.o)
                                          0x8 (size before relaxing)
 .ARM.exidx.text._Unwind_SetGR
                0x000000000800330c        0x0 c:/users/slin/appdata/roaming/code/user/globalstorage/bmd.stm32-for-vscode/@xpack-dev-tools/arm-none-eabi-gcc/10.2.1-1.1.2/.content/bin/../lib/gcc/arm-none-eabi/10.2.1/thumb/v7e-m+fp/hard\libgcc.a(unwind-arm.o)
                                          0x8 (size before relaxing)
 .ARM.exidx.text.__gnu_Unwind_Backtrace
                0x000000000800330c        0x8 c:/users/slin/appdata/roaming/code/user/globalstorage/bmd.stm32-for-vscode/@xpack-dev-tools/arm-none-eabi-gcc/10.2.1-1.1.2/.content/bin/../lib/gcc/arm-none-eabi/10.2.1/thumb/v7e-m+fp/hard\libgcc.a(unwind-arm.o)
 .ARM.exidx.text.__gnu_unwind_pr_common
                0x0000000008003314        0x8 c:/users/slin/appdata/roaming/code/user/globalstorage/bmd.stm32-for-vscode/@xpack-dev-tools/arm-none-eabi-gcc/10.2.1-1.1.2/.content/bin/../lib/gcc/arm-none-eabi/10.2.1/thumb/v7e-m+fp/hard\libgcc.a(unwind-arm.o)
 .ARM.exidx.text.__aeabi_unwind_cpp_pr0
                0x000000000800331c        0x8 c:/users/slin/appdata/roaming/code/user/globalstorage/bmd.stm32-for-vscode/@xpack-dev-tools/arm-none-eabi-gcc/10.2.1-1.1.2/.content/bin/../lib/gcc/arm-none-eabi/10.2.1/thumb/v7e-m+fp/hard\libgcc.a(unwind-arm.o)
 .ARM.exidx.text.__aeabi_unwind_cpp_pr1
                0x0000000008003324        0x0 c:/users/slin/appdata/roaming/code/user/globalstorage/bmd.stm32-for-vscode/@xpack-dev-tools/arm-none-eabi-gcc/10.2.1-1.1.2/.content/bin/../lib/gcc/arm-none-eabi/10.2.1/thumb/v7e-m+fp/hard\libgcc.a(unwind-arm.o)
                                          0x8 (size before relaxing)
 .ARM.exidx.text.__aeabi_unwind_cpp_pr2
                0x0000000008003324        0x0 c:/users/slin/appdata/roaming/code/user/globalstorage/bmd.stm32-for-vscode/@xpack-dev-tools/arm-none-eabi-gcc/10.2.1-1.1.2/.content/bin/../lib/gcc/arm-none-eabi/10.2.1/thumb/v7e-m+fp/hard\libgcc.a(unwind-arm.o)
                                          0x8 (size before relaxing)
 .ARM.exidx.text._Unwind_VRS_Pop
                0x0000000008003324        0x8 c:/users/slin/appdata/roaming/code/user/globalstorage/bmd.stm32-for-vscode/@xpack-dev-tools/arm-none-eabi-gcc/10.2.1-1.1.2/.content/bin/../lib/gcc/arm-none-eabi/10.2.1/thumb/v7e-m+fp/hard\libgcc.a(unwind-arm.o)
 .ARM.exidx.text.next_unwind_byte
                0x000000000800332c        0x8 c:/users/slin/appdata/roaming/code/user/globalstorage/bmd.stm32-for-vscode/@xpack-dev-tools/arm-none-eabi-gcc/10.2.1-1.1.2/.content/bin/../lib/gcc/arm-none-eabi/10.2.1/thumb/v7e-m+fp/hard\libgcc.a(pr-support.o)
 .ARM.exidx.text.__gnu_unwind_execute
                0x0000000008003334        0x8 c:/users/slin/appdata/roaming/code/user/globalstorage/bmd.stm32-for-vscode/@xpack-dev-tools/arm-none-eabi-gcc/10.2.1-1.1.2/.content/bin/../lib/gcc/arm-none-eabi/10.2.1/thumb/v7e-m+fp/hard\libgcc.a(pr-support.o)
 .ARM.exidx.text.abort
                0x000000000800333c        0x8 c:/users/slin/appdata/roaming/code/user/globalstorage/bmd.stm32-for-vscode/@xpack-dev-tools/arm-none-eabi-gcc/10.2.1-1.1.2/.content/bin/../lib/gcc/arm-none-eabi/10.2.1/../../../../arm-none-eabi/lib/thumb/v7e-m+fp/hard\libc.a(lib_a-abort.o)
 .ARM.exidx.text.raise
                0x0000000008003344        0x8 c:/users/slin/appdata/roaming/code/user/globalstorage/bmd.stm32-for-vscode/@xpack-dev-tools/arm-none-eabi-gcc/10.2.1-1.1.2/.content/bin/../lib/gcc/arm-none-eabi/10.2.1/../../../../arm-none-eabi/lib/thumb/v7e-m+fp/hard\libc.a(lib_a-signal.o)
 .ARM.exidx.text._kill_r
                0x000000000800334c        0x8 c:/users/slin/appdata/roaming/code/user/globalstorage/bmd.stm32-for-vscode/@xpack-dev-tools/arm-none-eabi-gcc/10.2.1-1.1.2/.content/bin/../lib/gcc/arm-none-eabi/10.2.1/../../../../arm-none-eabi/lib/thumb/v7e-m+fp/hard\libc.a(lib_a-signalr.o)
 .ARM.exidx.text._getpid_r
                0x0000000008003354        0x8 c:/users/slin/appdata/roaming/code/user/globalstorage/bmd.stm32-for-vscode/@xpack-dev-tools/arm-none-eabi-gcc/10.2.1-1.1.2/.content/bin/../lib/gcc/arm-none-eabi/10.2.1/../../../../arm-none-eabi/lib/thumb/v7e-m+fp/hard\libc.a(lib_a-signalr.o)
 .ARM.exidx.text._getpid
                0x000000000800335c        0x0 c:/users/slin/appdata/roaming/code/user/globalstorage/bmd.stm32-for-vscode/@xpack-dev-tools/arm-none-eabi-gcc/10.2.1-1.1.2/.content/bin/../lib/gcc/arm-none-eabi/10.2.1/../../../../arm-none-eabi/lib/thumb/v7e-m+fp/hard\libnosys.a(getpid.o)
                                          0x8 (size before relaxing)
 .ARM.exidx.text._kill
                0x000000000800335c        0x0 c:/users/slin/appdata/roaming/code/user/globalstorage/bmd.stm32-for-vscode/@xpack-dev-tools/arm-none-eabi-gcc/10.2.1-1.1.2/.content/bin/../lib/gcc/arm-none-eabi/10.2.1/../../../../arm-none-eabi/lib/thumb/v7e-m+fp/hard\libnosys.a(kill.o)
                                          0x8 (size before relaxing)
                0x000000000800335c                __exidx_end = .

.rel.dyn        0x000000000800335c        0x0
 .rel.iplt      0x000000000800335c        0x0 c:/users/slin/appdata/roaming/code/user/globalstorage/bmd.stm32-for-vscode/@xpack-dev-tools/arm-none-eabi-gcc/10.2.1-1.1.2/.content/bin/../lib/gcc/arm-none-eabi/10.2.1/thumb/v7e-m+fp/hard/crtbegin.o

.preinit_array  0x000000000800335c        0x0
                0x000000000800335c                PROVIDE (__preinit_array_start = .)
 *(.preinit_array*)
                0x000000000800335c                PROVIDE (__preinit_array_end = .)

.init_array     0x000000000800335c        0x8
                0x000000000800335c                PROVIDE (__init_array_start = .)
 *(SORT_BY_NAME(.init_array.*))
 .init_array.00000
                0x000000000800335c        0x4 c:/users/slin/appdata/roaming/code/user/globalstorage/bmd.stm32-for-vscode/@xpack-dev-tools/arm-none-eabi-gcc/10.2.1-1.1.2/.content/bin/../lib/gcc/arm-none-eabi/10.2.1/../../../../arm-none-eabi/lib/thumb/v7e-m+fp/hard\libc.a(lib_a-__call_atexit.o)
 *(.init_array*)
 .init_array    0x0000000008003360        0x4 c:/users/slin/appdata/roaming/code/user/globalstorage/bmd.stm32-for-vscode/@xpack-dev-tools/arm-none-eabi-gcc/10.2.1-1.1.2/.content/bin/../lib/gcc/arm-none-eabi/10.2.1/thumb/v7e-m+fp/hard/crtbegin.o
                0x0000000008003364                PROVIDE (__init_array_end = .)

.fini_array     0x0000000008003364        0x4
                0x0000000008003364                PROVIDE (__fini_array_start = .)
 *(SORT_BY_NAME(.fini_array.*))
 *(.fini_array*)
 .fini_array    0x0000000008003364        0x4 c:/users/slin/appdata/roaming/code/user/globalstorage/bmd.stm32-for-vscode/@xpack-dev-tools/arm-none-eabi-gcc/10.2.1-1.1.2/.content/bin/../lib/gcc/arm-none-eabi/10.2.1/thumb/v7e-m+fp/hard/crtbegin.o
                0x0000000008003368                PROVIDE (__fini_array_end = .)
                0x0000000008003368                _sidata = LOADADDR (.data)

.data           0x0000000020000000      0x43c load address 0x0000000008003368
                0x0000000020000000                . = ALIGN (0x4)
                0x0000000020000000                _sdata = .
 *(.data)
 *(.data*)
 .data.SystemCoreClock
                0x0000000020000000        0x4 build/system_stm32g4xx.o
                0x0000000020000000                SystemCoreClock
 .data.uwTickFreq
                0x0000000020000004        0x4 build/stm32g4xx_hal.o
                0x0000000020000004                uwTickFreq
 .data.uwTickPrio
                0x0000000020000008        0x4 build/stm32g4xx_hal.o
                0x0000000020000008                uwTickPrio
 .data._impure_ptr
                0x000000002000000c        0x4 c:/users/slin/appdata/roaming/code/user/globalstorage/bmd.stm32-for-vscode/@xpack-dev-tools/arm-none-eabi-gcc/10.2.1-1.1.2/.content/bin/../lib/gcc/arm-none-eabi/10.2.1/../../../../arm-none-eabi/lib/thumb/v7e-m+fp/hard\libc.a(lib_a-impure.o)
                0x000000002000000c                _impure_ptr
 .data.impure_data
                0x0000000020000010      0x428 c:/users/slin/appdata/roaming/code/user/globalstorage/bmd.stm32-for-vscode/@xpack-dev-tools/arm-none-eabi-gcc/10.2.1-1.1.2/.content/bin/../lib/gcc/arm-none-eabi/10.2.1/../../../../arm-none-eabi/lib/thumb/v7e-m+fp/hard\libc.a(lib_a-impure.o)
 .data.__atexit_recursive_mutex
                0x0000000020000438        0x4 c:/users/slin/appdata/roaming/code/user/globalstorage/bmd.stm32-for-vscode/@xpack-dev-tools/arm-none-eabi-gcc/10.2.1-1.1.2/.content/bin/../lib/gcc/arm-none-eabi/10.2.1/../../../../arm-none-eabi/lib/thumb/v7e-m+fp/hard\libc.a(lib_a-__call_atexit.o)
                0x0000000020000438                __atexit_recursive_mutex
                0x000000002000043c                . = ALIGN (0x4)
                0x000000002000043c                _edata = .

.igot.plt       0x000000002000043c        0x0 load address 0x00000000080037a4
 .igot.plt      0x000000002000043c        0x0 c:/users/slin/appdata/roaming/code/user/globalstorage/bmd.stm32-for-vscode/@xpack-dev-tools/arm-none-eabi-gcc/10.2.1-1.1.2/.content/bin/../lib/gcc/arm-none-eabi/10.2.1/thumb/v7e-m+fp/hard/crtbegin.o
                0x000000002000043c                . = ALIGN (0x4)

.bss            0x000000002000043c       0xb4 load address 0x00000000080037a4
                0x000000002000043c                _sbss = .
                0x000000002000043c                __bss_start__ = _sbss
 *(.bss)
 *(.bss*)
 .bss.completed.1
                0x000000002000043c        0x1 c:/users/slin/appdata/roaming/code/user/globalstorage/bmd.stm32-for-vscode/@xpack-dev-tools/arm-none-eabi-gcc/10.2.1-1.1.2/.content/bin/../lib/gcc/arm-none-eabi/10.2.1/thumb/v7e-m+fp/hard/crtbegin.o
 *fill*         0x000000002000043d        0x3 
 .bss.object.0  0x0000000020000440       0x18 c:/users/slin/appdata/roaming/code/user/globalstorage/bmd.stm32-for-vscode/@xpack-dev-tools/arm-none-eabi-gcc/10.2.1-1.1.2/.content/bin/../lib/gcc/arm-none-eabi/10.2.1/thumb/v7e-m+fp/hard/crtbegin.o
 .bss.hlpuart1  0x0000000020000458       0x8c build/usart.o
                0x0000000020000458                hlpuart1
 .bss.uwTick    0x00000000200004e4        0x4 build/stm32g4xx_hal.o
                0x00000000200004e4                uwTick
 .bss.__lock___atexit_recursive_mutex
                0x00000000200004e8        0x1 c:/users/slin/appdata/roaming/code/user/globalstorage/bmd.stm32-for-vscode/@xpack-dev-tools/arm-none-eabi-gcc/10.2.1-1.1.2/.content/bin/../lib/gcc/arm-none-eabi/10.2.1/../../../../arm-none-eabi/lib/thumb/v7e-m+fp/hard\libc.a(lib_a-lock.o)
                0x00000000200004e8                __lock___atexit_recursive_mutex
 *fill*         0x00000000200004e9        0x3 
 .bss.errno     0x00000000200004ec        0x4 c:/users/slin/appdata/roaming/code/user/globalstorage/bmd.stm32-for-vscode/@xpack-dev-tools/arm-none-eabi-gcc/10.2.1-1.1.2/.content/bin/../lib/gcc/arm-none-eabi/10.2.1/../../../../arm-none-eabi/lib/thumb/v7e-m+fp/hard\libc.a(lib_a-reent.o)
                0x00000000200004ec                errno
 *(COMMON)
                0x00000000200004f0                . = ALIGN (0x4)
                0x00000000200004f0                _ebss = .
                0x00000000200004f0                __bss_end__ = _ebss

._user_heap_stack
                0x00000000200004f0      0x600 load address 0x00000000080037a4
                0x00000000200004f0                . = ALIGN (0x8)
                0x00000000200004f0                PROVIDE (end = .)
                [!provide]                        PROVIDE (_end = .)
                0x00000000200006f0                . = (. + _Min_Heap_Size)
 *fill*         0x00000000200004f0      0x200 
                0x0000000020000af0                . = (. + _Min_Stack_Size)
 *fill*         0x00000000200006f0      0x400 
                0x0000000020000af0                . = ALIGN (0x8)

/DISCARD/
 libc.a(*)
 libm.a(*)
 libgcc.a(*)

.ARM.attributes
                0x0000000000000000       0x30
 *(.ARM.attributes)
 .ARM.attributes
                0x0000000000000000       0x1e c:/users/slin/appdata/roaming/code/user/globalstorage/bmd.stm32-for-vscode/@xpack-dev-tools/arm-none-eabi-gcc/10.2.1-1.1.2/.content/bin/../lib/gcc/arm-none-eabi/10.2.1/thumb/v7e-m+fp/hard/crti.o
 .ARM.attributes
                0x000000000000001e       0x34 c:/users/slin/appdata/roaming/code/user/globalstorage/bmd.stm32-for-vscode/@xpack-dev-tools/arm-none-eabi-gcc/10.2.1-1.1.2/.content/bin/../lib/gcc/arm-none-eabi/10.2.1/thumb/v7e-m+fp/hard/crtbegin.o
 .ARM.attributes
                0x0000000000000052       0x34 build/gpio.o
 .ARM.attributes
                0x0000000000000086       0x34 build/main.o
 .ARM.attributes
                0x00000000000000ba       0x34 build/stm32g4xx_hal_msp.o
 .ARM.attributes
                0x00000000000000ee       0x34 build/stm32g4xx_it.o
 .ARM.attributes
                0x0000000000000122       0x34 build/system_stm32g4xx.o
 .ARM.attributes
                0x0000000000000156       0x34 build/usart.o
 .ARM.attributes
                0x000000000000018a       0x34 build/stm32g4xx_hal.o
 .ARM.attributes
                0x00000000000001be       0x34 build/stm32g4xx_hal_cortex.o
 .ARM.attributes
                0x00000000000001f2       0x34 build/stm32g4xx_hal_gpio.o
 .ARM.attributes
                0x0000000000000226       0x34 build/stm32g4xx_hal_pwr_ex.o
 .ARM.attributes
                0x000000000000025a       0x34 build/stm32g4xx_hal_rcc.o
 .ARM.attributes
                0x000000000000028e       0x34 build/stm32g4xx_hal_rcc_ex.o
 .ARM.attributes
                0x00000000000002c2       0x34 build/stm32g4xx_hal_uart.o
 .ARM.attributes
                0x00000000000002f6       0x34 build/stm32g4xx_hal_uart_ex.o
 .ARM.attributes
                0x000000000000032a       0x21 build/startup_stm32g474xx.o
 .ARM.attributes
                0x000000000000034b       0x32 c:/users/slin/appdata/roaming/code/user/globalstorage/bmd.stm32-for-vscode/@xpack-dev-tools/arm-none-eabi-gcc/10.2.1-1.1.2/.content/bin/../lib/gcc/arm-none-eabi/10.2.1/../../../../arm-none-eabi/lib/thumb/v7e-m+fp/hard\libc.a(lib_a-impure.o)
 .ARM.attributes
                0x000000000000037d       0x34 c:/users/slin/appdata/roaming/code/user/globalstorage/bmd.stm32-for-vscode/@xpack-dev-tools/arm-none-eabi-gcc/10.2.1-1.1.2/.content/bin/../lib/gcc/arm-none-eabi/10.2.1/../../../../arm-none-eabi/lib/thumb/v7e-m+fp/hard\libc.a(lib_a-init.o)
 .ARM.attributes
                0x00000000000003b1       0x34 c:/users/slin/appdata/roaming/code/user/globalstorage/bmd.stm32-for-vscode/@xpack-dev-tools/arm-none-eabi-gcc/10.2.1-1.1.2/.content/bin/../lib/gcc/arm-none-eabi/10.2.1/../../../../arm-none-eabi/lib/thumb/v7e-m+fp/hard\libc.a(lib_a-memset.o)
 .ARM.attributes
                0x00000000000003e5       0x34 c:/users/slin/appdata/roaming/code/user/globalstorage/bmd.stm32-for-vscode/@xpack-dev-tools/arm-none-eabi-gcc/10.2.1-1.1.2/.content/bin/../lib/gcc/arm-none-eabi/10.2.1/../../../../arm-none-eabi/lib/thumb/v7e-m+fp/hard\libc.a(lib_a-__call_atexit.o)
 .ARM.attributes
                0x0000000000000419       0x34 c:/users/slin/appdata/roaming/code/user/globalstorage/bmd.stm32-for-vscode/@xpack-dev-tools/arm-none-eabi-gcc/10.2.1-1.1.2/.content/bin/../lib/gcc/arm-none-eabi/10.2.1/../../../../arm-none-eabi/lib/thumb/v7e-m+fp/hard\libc.a(lib_a-fini.o)
 .ARM.attributes
                0x000000000000044d       0x34 c:/users/slin/appdata/roaming/code/user/globalstorage/bmd.stm32-for-vscode/@xpack-dev-tools/arm-none-eabi-gcc/10.2.1-1.1.2/.content/bin/../lib/gcc/arm-none-eabi/10.2.1/../../../../arm-none-eabi/lib/thumb/v7e-m+fp/hard\libc.a(lib_a-lock.o)
 .ARM.attributes
                0x0000000000000481       0x34 c:/users/slin/appdata/roaming/code/user/globalstorage/bmd.stm32-for-vscode/@xpack-dev-tools/arm-none-eabi-gcc/10.2.1-1.1.2/.content/bin/../lib/gcc/arm-none-eabi/10.2.1/../../../../arm-none-eabi/lib/thumb/v7e-m+fp/hard\libc.a(lib_a-atexit.o)
 .ARM.attributes
                0x00000000000004b5       0x34 c:/users/slin/appdata/roaming/code/user/globalstorage/bmd.stm32-for-vscode/@xpack-dev-tools/arm-none-eabi-gcc/10.2.1-1.1.2/.content/bin/../lib/gcc/arm-none-eabi/10.2.1/../../../../arm-none-eabi/lib/thumb/v7e-m+fp/hard\libc.a(lib_a-__atexit.o)
 .ARM.attributes
                0x00000000000004e9       0x34 c:/users/slin/appdata/roaming/code/user/globalstorage/bmd.stm32-for-vscode/@xpack-dev-tools/arm-none-eabi-gcc/10.2.1-1.1.2/.content/bin/../lib/gcc/arm-none-eabi/10.2.1/../../../../arm-none-eabi/lib/thumb/v7e-m+fp/hard\libnosys.a(_exit.o)
 .ARM.attributes
                0x000000000000051d       0x1e c:/users/slin/appdata/roaming/code/user/globalstorage/bmd.stm32-for-vscode/@xpack-dev-tools/arm-none-eabi-gcc/10.2.1-1.1.2/.content/bin/../lib/gcc/arm-none-eabi/10.2.1/thumb/v7e-m+fp/hard\libgcc.a(_aeabi_uldivmod.o)
 .ARM.attributes
                0x000000000000053b       0x34 c:/users/slin/appdata/roaming/code/user/globalstorage/bmd.stm32-for-vscode/@xpack-dev-tools/arm-none-eabi-gcc/10.2.1-1.1.2/.content/bin/../lib/gcc/arm-none-eabi/10.2.1/thumb/v7e-m+fp/hard\libgcc.a(_udivmoddi4.o)
 .ARM.attributes
                0x000000000000056f       0x34 c:/users/slin/appdata/roaming/code/user/globalstorage/bmd.stm32-for-vscode/@xpack-dev-tools/arm-none-eabi-gcc/10.2.1-1.1.2/.content/bin/../lib/gcc/arm-none-eabi/10.2.1/thumb/v7e-m+fp/hard\libgcc.a(unwind-arm.o)
 .ARM.attributes
                0x00000000000005a3       0x1e c:/users/slin/appdata/roaming/code/user/globalstorage/bmd.stm32-for-vscode/@xpack-dev-tools/arm-none-eabi-gcc/10.2.1-1.1.2/.content/bin/../lib/gcc/arm-none-eabi/10.2.1/thumb/v7e-m+fp/hard\libgcc.a(libunwind.o)
 .ARM.attributes
                0x00000000000005c1       0x34 c:/users/slin/appdata/roaming/code/user/globalstorage/bmd.stm32-for-vscode/@xpack-dev-tools/arm-none-eabi-gcc/10.2.1-1.1.2/.content/bin/../lib/gcc/arm-none-eabi/10.2.1/thumb/v7e-m+fp/hard\libgcc.a(pr-support.o)
 .ARM.attributes
                0x00000000000005f5       0x1e c:/users/slin/appdata/roaming/code/user/globalstorage/bmd.stm32-for-vscode/@xpack-dev-tools/arm-none-eabi-gcc/10.2.1-1.1.2/.content/bin/../lib/gcc/arm-none-eabi/10.2.1/thumb/v7e-m+fp/hard\libgcc.a(_dvmd_tls.o)
 .ARM.attributes
                0x0000000000000613       0x34 c:/users/slin/appdata/roaming/code/user/globalstorage/bmd.stm32-for-vscode/@xpack-dev-tools/arm-none-eabi-gcc/10.2.1-1.1.2/.content/bin/../lib/gcc/arm-none-eabi/10.2.1/../../../../arm-none-eabi/lib/thumb/v7e-m+fp/hard\libc.a(lib_a-abort.o)
 .ARM.attributes
                0x0000000000000647       0x1c c:/users/slin/appdata/roaming/code/user/globalstorage/bmd.stm32-for-vscode/@xpack-dev-tools/arm-none-eabi-gcc/10.2.1-1.1.2/.content/bin/../lib/gcc/arm-none-eabi/10.2.1/../../../../arm-none-eabi/lib/thumb/v7e-m+fp/hard\libc.a(lib_a-memcpy.o)
 .ARM.attributes
                0x0000000000000663       0x34 c:/users/slin/appdata/roaming/code/user/globalstorage/bmd.stm32-for-vscode/@xpack-dev-tools/arm-none-eabi-gcc/10.2.1-1.1.2/.content/bin/../lib/gcc/arm-none-eabi/10.2.1/../../../../arm-none-eabi/lib/thumb/v7e-m+fp/hard\libc.a(lib_a-signal.o)
 .ARM.attributes
                0x0000000000000697       0x34 c:/users/slin/appdata/roaming/code/user/globalstorage/bmd.stm32-for-vscode/@xpack-dev-tools/arm-none-eabi-gcc/10.2.1-1.1.2/.content/bin/../lib/gcc/arm-none-eabi/10.2.1/../../../../arm-none-eabi/lib/thumb/v7e-m+fp/hard\libc.a(lib_a-signalr.o)
 .ARM.attributes
                0x00000000000006cb       0x34 c:/users/slin/appdata/roaming/code/user/globalstorage/bmd.stm32-for-vscode/@xpack-dev-tools/arm-none-eabi-gcc/10.2.1-1.1.2/.content/bin/../lib/gcc/arm-none-eabi/10.2.1/../../../../arm-none-eabi/lib/thumb/v7e-m+fp/hard\libc.a(lib_a-reent.o)
 .ARM.attributes
                0x00000000000006ff       0x34 c:/users/slin/appdata/roaming/code/user/globalstorage/bmd.stm32-for-vscode/@xpack-dev-tools/arm-none-eabi-gcc/10.2.1-1.1.2/.content/bin/../lib/gcc/arm-none-eabi/10.2.1/../../../../arm-none-eabi/lib/thumb/v7e-m+fp/hard\libnosys.a(getpid.o)
 .ARM.attributes
                0x0000000000000733       0x34 c:/users/slin/appdata/roaming/code/user/globalstorage/bmd.stm32-for-vscode/@xpack-dev-tools/arm-none-eabi-gcc/10.2.1-1.1.2/.content/bin/../lib/gcc/arm-none-eabi/10.2.1/../../../../arm-none-eabi/lib/thumb/v7e-m+fp/hard\libnosys.a(kill.o)
 .ARM.attributes
                0x0000000000000767       0x1e c:/users/slin/appdata/roaming/code/user/globalstorage/bmd.stm32-for-vscode/@xpack-dev-tools/arm-none-eabi-gcc/10.2.1-1.1.2/.content/bin/../lib/gcc/arm-none-eabi/10.2.1/thumb/v7e-m+fp/hard/crtn.o
OUTPUT(build/sbb_stepper_test.elf elf32-littlearm)
LOAD linker stubs
LOAD c:/users/slin/appdata/roaming/code/user/globalstorage/bmd.stm32-for-vscode/@xpack-dev-tools/arm-none-eabi-gcc/10.2.1-1.1.2/.content/bin/../lib/gcc/arm-none-eabi/10.2.1/../../../../arm-none-eabi/lib/thumb/v7e-m+fp/hard\libc.a
LOAD c:/users/slin/appdata/roaming/code/user/globalstorage/bmd.stm32-for-vscode/@xpack-dev-tools/arm-none-eabi-gcc/10.2.1-1.1.2/.content/bin/../lib/gcc/arm-none-eabi/10.2.1/../../../../arm-none-eabi/lib/thumb/v7e-m+fp/hard\libm.a
LOAD c:/users/slin/appdata/roaming/code/user/globalstorage/bmd.stm32-for-vscode/@xpack-dev-tools/arm-none-eabi-gcc/10.2.1-1.1.2/.content/bin/../lib/gcc/arm-none-eabi/10.2.1/thumb/v7e-m+fp/hard\libgcc.a

.debug_info     0x0000000000000000     0xb24e
 .debug_info    0x0000000000000000      0x90d build/gpio.o
 .debug_info    0x000000000000090d      0x792 build/main.o
 .debug_info    0x000000000000109f      0x3a1 build/stm32g4xx_hal_msp.o
 .debug_info    0x0000000000001440      0x1af build/stm32g4xx_it.o
 .debug_info    0x00000000000015ef      0x649 build/system_stm32g4xx.o
 .debug_info    0x0000000000001c38      0xe18 build/usart.o
 .debug_info    0x0000000000002a50      0xd4f build/stm32g4xx_hal.o
 .debug_info    0x000000000000379f     0x11d7 build/stm32g4xx_hal_cortex.o
 .debug_info    0x0000000000004976      0x92d build/stm32g4xx_hal_gpio.o
 .debug_info    0x00000000000052a3      0xb20 build/stm32g4xx_hal_pwr_ex.o
 .debug_info    0x0000000000005dc3     0x1033 build/stm32g4xx_hal_rcc.o
 .debug_info    0x0000000000006df6     0x10a7 build/stm32g4xx_hal_rcc_ex.o
 .debug_info    0x0000000000007e9d     0x2553 build/stm32g4xx_hal_uart.o
 .debug_info    0x000000000000a3f0      0xe3c build/stm32g4xx_hal_uart_ex.o
 .debug_info    0x000000000000b22c       0x22 build/startup_stm32g474xx.o

.debug_abbrev   0x0000000000000000     0x1c22
 .debug_abbrev  0x0000000000000000      0x15a build/gpio.o
 .debug_abbrev  0x000000000000015a      0x1d8 build/main.o
 .debug_abbrev  0x0000000000000332       0xd9 build/stm32g4xx_hal_msp.o
 .debug_abbrev  0x000000000000040b       0xa7 build/stm32g4xx_it.o
 .debug_abbrev  0x00000000000004b2      0x11b build/system_stm32g4xx.o
 .debug_abbrev  0x00000000000005cd      0x1d7 build/usart.o
 .debug_abbrev  0x00000000000007a4      0x249 build/stm32g4xx_hal.o
 .debug_abbrev  0x00000000000009ed      0x379 build/stm32g4xx_hal_cortex.o
 .debug_abbrev  0x0000000000000d66      0x222 build/stm32g4xx_hal_gpio.o
 .debug_abbrev  0x0000000000000f88      0x264 build/stm32g4xx_hal_pwr_ex.o
 .debug_abbrev  0x00000000000011ec      0x2ac build/stm32g4xx_hal_rcc.o
 .debug_abbrev  0x0000000000001498      0x262 build/stm32g4xx_hal_rcc_ex.o
 .debug_abbrev  0x00000000000016fa      0x2b6 build/stm32g4xx_hal_uart.o
 .debug_abbrev  0x00000000000019b0      0x260 build/stm32g4xx_hal_uart_ex.o
 .debug_abbrev  0x0000000000001c10       0x12 build/startup_stm32g474xx.o

.debug_loc      0x0000000000000000     0x65d6
 .debug_loc     0x0000000000000000       0x39 build/gpio.o
 .debug_loc     0x0000000000000039       0x66 build/main.o
 .debug_loc     0x000000000000009f       0x38 build/stm32g4xx_hal_msp.o
 .debug_loc     0x00000000000000d7       0x40 build/stm32g4xx_it.o
 .debug_loc     0x0000000000000117       0x9d build/system_stm32g4xx.o
 .debug_loc     0x00000000000001b4      0x108 build/usart.o
 .debug_loc     0x00000000000002bc      0x2af build/stm32g4xx_hal.o
 .debug_loc     0x000000000000056b      0x796 build/stm32g4xx_hal_cortex.o
 .debug_loc     0x0000000000000d01      0x463 build/stm32g4xx_hal_gpio.o
 .debug_loc     0x0000000000001164      0xa43 build/stm32g4xx_hal_pwr_ex.o
 .debug_loc     0x0000000000001ba7      0x909 build/stm32g4xx_hal_rcc.o
 .debug_loc     0x00000000000024b0     0x166f build/stm32g4xx_hal_rcc_ex.o
 .debug_loc     0x0000000000003b1f     0x23f8 build/stm32g4xx_hal_uart.o
 .debug_loc     0x0000000000005f17      0x6bf build/stm32g4xx_hal_uart_ex.o

.debug_aranges  0x0000000000000000      0x8c8
 .debug_aranges
                0x0000000000000000       0x20 build/gpio.o
 .debug_aranges
                0x0000000000000020       0x30 build/main.o
 .debug_aranges
                0x0000000000000050       0x20 build/stm32g4xx_hal_msp.o
 .debug_aranges
                0x0000000000000070       0x68 build/stm32g4xx_it.o
 .debug_aranges
                0x00000000000000d8       0x28 build/system_stm32g4xx.o
 .debug_aranges
                0x0000000000000100       0x30 build/usart.o
 .debug_aranges
                0x0000000000000130      0x130 build/stm32g4xx_hal.o
 .debug_aranges
                0x0000000000000260       0xa8 build/stm32g4xx_hal_cortex.o
 .debug_aranges
                0x0000000000000308       0x58 build/stm32g4xx_hal_gpio.o
 .debug_aranges
                0x0000000000000360      0x140 build/stm32g4xx_hal_pwr_ex.o
 .debug_aranges
                0x00000000000004a0       0x98 build/stm32g4xx_hal_rcc.o
 .debug_aranges
                0x0000000000000538       0xb0 build/stm32g4xx_hal_rcc_ex.o
 .debug_aranges
                0x00000000000005e8      0x230 build/stm32g4xx_hal_uart.o
 .debug_aranges
                0x0000000000000818       0x88 build/stm32g4xx_hal_uart_ex.o
 .debug_aranges
                0x00000000000008a0       0x28 build/startup_stm32g474xx.o

.debug_ranges   0x0000000000000000      0x870
 .debug_ranges  0x0000000000000000       0x10 build/gpio.o
 .debug_ranges  0x0000000000000010       0x20 build/main.o
 .debug_ranges  0x0000000000000030       0x10 build/stm32g4xx_hal_msp.o
 .debug_ranges  0x0000000000000040       0x58 build/stm32g4xx_it.o
 .debug_ranges  0x0000000000000098       0x18 build/system_stm32g4xx.o
 .debug_ranges  0x00000000000000b0       0x20 build/usart.o
 .debug_ranges  0x00000000000000d0      0x120 build/stm32g4xx_hal.o
 .debug_ranges  0x00000000000001f0       0xf8 build/stm32g4xx_hal_cortex.o
 .debug_ranges  0x00000000000002e8       0x48 build/stm32g4xx_hal_gpio.o
 .debug_ranges  0x0000000000000330      0x130 build/stm32g4xx_hal_pwr_ex.o
 .debug_ranges  0x0000000000000460       0xa0 build/stm32g4xx_hal_rcc.o
 .debug_ranges  0x0000000000000500       0xb8 build/stm32g4xx_hal_rcc_ex.o
 .debug_ranges  0x00000000000005b8      0x220 build/stm32g4xx_hal_uart.o
 .debug_ranges  0x00000000000007d8       0x78 build/stm32g4xx_hal_uart_ex.o
 .debug_ranges  0x0000000000000850       0x20 build/startup_stm32g474xx.o

.debug_line     0x0000000000000000     0x84e5
 .debug_line    0x0000000000000000      0x2d7 build/gpio.o
 .debug_line    0x00000000000002d7      0x41d build/main.o
 .debug_line    0x00000000000006f4      0x239 build/stm32g4xx_hal_msp.o
 .debug_line    0x000000000000092d      0x309 build/stm32g4xx_it.o
 .debug_line    0x0000000000000c36      0x2e7 build/system_stm32g4xx.o
 .debug_line    0x0000000000000f1d      0x3ad build/usart.o
 .debug_line    0x00000000000012ca      0x720 build/stm32g4xx_hal.o
 .debug_line    0x00000000000019ea      0x800 build/stm32g4xx_hal_cortex.o
 .debug_line    0x00000000000021ea      0x721 build/stm32g4xx_hal_gpio.o
 .debug_line    0x000000000000290b      0xb1b build/stm32g4xx_hal_pwr_ex.o
 .debug_line    0x0000000000003426      0xe5f build/stm32g4xx_hal_rcc.o
 .debug_line    0x0000000000004285     0x12f3 build/stm32g4xx_hal_rcc_ex.o
 .debug_line    0x0000000000005578     0x26e9 build/stm32g4xx_hal_uart.o
 .debug_line    0x0000000000007c61      0x80d build/stm32g4xx_hal_uart_ex.o
 .debug_line    0x000000000000846e       0x77 build/startup_stm32g474xx.o

.debug_str      0x0000000000000000     0x33b1
 .debug_str     0x0000000000000000      0x9b2 build/gpio.o
                                        0xa02 (size before relaxing)
 .debug_str     0x00000000000009b2      0x400 build/main.o
                                        0x611 (size before relaxing)
 .debug_str     0x0000000000000db2       0x4a build/stm32g4xx_hal_msp.o
                                        0x322 (size before relaxing)
 .debug_str     0x0000000000000dfc       0xe2 build/stm32g4xx_it.o
                                        0x261 (size before relaxing)
 .debug_str     0x0000000000000ede       0xe2 build/system_stm32g4xx.o
                                        0x3bb (size before relaxing)
 .debug_str     0x0000000000000fc0      0x560 build/usart.o
                                        0x973 (size before relaxing)
 .debug_str     0x0000000000001520      0x46d build/stm32g4xx_hal.o
                                        0xe02 (size before relaxing)
 .debug_str     0x000000000000198d      0x438 build/stm32g4xx_hal_cortex.o
                                        0xd51 (size before relaxing)
 .debug_str     0x0000000000001dc5       0xdf build/stm32g4xx_hal_gpio.o
                                        0x534 (size before relaxing)
 .debug_str     0x0000000000001ea4      0x4e8 build/stm32g4xx_hal_pwr_ex.o
                                        0x7d6 (size before relaxing)
 .debug_str     0x000000000000238c      0x250 build/stm32g4xx_hal_rcc.o
                                        0x837 (size before relaxing)
 .debug_str     0x00000000000025dc      0x37b build/stm32g4xx_hal_rcc_ex.o
                                        0xa59 (size before relaxing)
 .debug_str     0x0000000000002957      0x862 build/stm32g4xx_hal_uart.o
                                       0x1150 (size before relaxing)
 .debug_str     0x00000000000031b9      0x1d4 build/stm32g4xx_hal_uart_ex.o
                                        0xa06 (size before relaxing)
 .debug_str     0x000000000000338d       0x24 build/startup_stm32g474xx.o
                                         0x5a (size before relaxing)

.comment        0x0000000000000000       0x44
 .comment       0x0000000000000000       0x44 build/gpio.o
                                         0x45 (size before relaxing)
 .comment       0x0000000000000044       0x45 build/main.o
 .comment       0x0000000000000044       0x45 build/stm32g4xx_hal_msp.o
 .comment       0x0000000000000044       0x45 build/stm32g4xx_it.o
 .comment       0x0000000000000044       0x45 build/system_stm32g4xx.o
 .comment       0x0000000000000044       0x45 build/usart.o
 .comment       0x0000000000000044       0x45 build/stm32g4xx_hal.o
 .comment       0x0000000000000044       0x45 build/stm32g4xx_hal_cortex.o
 .comment       0x0000000000000044       0x45 build/stm32g4xx_hal_gpio.o
 .comment       0x0000000000000044       0x45 build/stm32g4xx_hal_pwr_ex.o
 .comment       0x0000000000000044       0x45 build/stm32g4xx_hal_rcc.o
 .comment       0x0000000000000044       0x45 build/stm32g4xx_hal_rcc_ex.o
 .comment       0x0000000000000044       0x45 build/stm32g4xx_hal_uart.o
 .comment       0x0000000000000044       0x45 build/stm32g4xx_hal_uart_ex.o

.debug_frame    0x0000000000000000     0x1c1c
 .debug_frame   0x0000000000000000       0x34 build/gpio.o
 .debug_frame   0x0000000000000034       0x5c build/main.o
 .debug_frame   0x0000000000000090       0x2c build/stm32g4xx_hal_msp.o
 .debug_frame   0x00000000000000bc       0xc0 build/stm32g4xx_it.o
 .debug_frame   0x000000000000017c       0x30 build/system_stm32g4xx.o
 .debug_frame   0x00000000000001ac       0x60 build/usart.o
 .debug_frame   0x000000000000020c      0x274 build/stm32g4xx_hal.o
 .debug_frame   0x0000000000000480      0x148 build/stm32g4xx_hal_cortex.o
 .debug_frame   0x00000000000005c8       0xd0 build/stm32g4xx_hal_gpio.o
 .debug_frame   0x0000000000000698      0x268 build/stm32g4xx_hal_pwr_ex.o
 .debug_frame   0x0000000000000900      0x198 build/stm32g4xx_hal_rcc.o
 .debug_frame   0x0000000000000a98      0x1a0 build/stm32g4xx_hal_rcc_ex.o
 .debug_frame   0x0000000000000c38      0x61c build/stm32g4xx_hal_uart.o
 .debug_frame   0x0000000000001254      0x15c build/stm32g4xx_hal_uart_ex.o
 .debug_frame   0x00000000000013b0       0x2c c:/users/slin/appdata/roaming/code/user/globalstorage/bmd.stm32-for-vscode/@xpack-dev-tools/arm-none-eabi-gcc/10.2.1-1.1.2/.content/bin/../lib/gcc/arm-none-eabi/10.2.1/../../../../arm-none-eabi/lib/thumb/v7e-m+fp/hard\libc.a(lib_a-init.o)
 .debug_frame   0x00000000000013dc       0x2c c:/users/slin/appdata/roaming/code/user/globalstorage/bmd.stm32-for-vscode/@xpack-dev-tools/arm-none-eabi-gcc/10.2.1-1.1.2/.content/bin/../lib/gcc/arm-none-eabi/10.2.1/../../../../arm-none-eabi/lib/thumb/v7e-m+fp/hard\libc.a(lib_a-memset.o)
 .debug_frame   0x0000000000001408       0x68 c:/users/slin/appdata/roaming/code/user/globalstorage/bmd.stm32-for-vscode/@xpack-dev-tools/arm-none-eabi-gcc/10.2.1-1.1.2/.content/bin/../lib/gcc/arm-none-eabi/10.2.1/../../../../arm-none-eabi/lib/thumb/v7e-m+fp/hard\libc.a(lib_a-__call_atexit.o)
 .debug_frame   0x0000000000001470       0x34 c:/users/slin/appdata/roaming/code/user/globalstorage/bmd.stm32-for-vscode/@xpack-dev-tools/arm-none-eabi-gcc/10.2.1-1.1.2/.content/bin/../lib/gcc/arm-none-eabi/10.2.1/../../../../arm-none-eabi/lib/thumb/v7e-m+fp/hard\libc.a(lib_a-fini.o)
 .debug_frame   0x00000000000014a4       0xb0 c:/users/slin/appdata/roaming/code/user/globalstorage/bmd.stm32-for-vscode/@xpack-dev-tools/arm-none-eabi-gcc/10.2.1-1.1.2/.content/bin/../lib/gcc/arm-none-eabi/10.2.1/../../../../arm-none-eabi/lib/thumb/v7e-m+fp/hard\libc.a(lib_a-lock.o)
 .debug_frame   0x0000000000001554       0x20 c:/users/slin/appdata/roaming/code/user/globalstorage/bmd.stm32-for-vscode/@xpack-dev-tools/arm-none-eabi-gcc/10.2.1-1.1.2/.content/bin/../lib/gcc/arm-none-eabi/10.2.1/../../../../arm-none-eabi/lib/thumb/v7e-m+fp/hard\libc.a(lib_a-atexit.o)
 .debug_frame   0x0000000000001574       0x34 c:/users/slin/appdata/roaming/code/user/globalstorage/bmd.stm32-for-vscode/@xpack-dev-tools/arm-none-eabi-gcc/10.2.1-1.1.2/.content/bin/../lib/gcc/arm-none-eabi/10.2.1/../../../../arm-none-eabi/lib/thumb/v7e-m+fp/hard\libc.a(lib_a-__atexit.o)
 .debug_frame   0x00000000000015a8       0x20 c:/users/slin/appdata/roaming/code/user/globalstorage/bmd.stm32-for-vscode/@xpack-dev-tools/arm-none-eabi-gcc/10.2.1-1.1.2/.content/bin/../lib/gcc/arm-none-eabi/10.2.1/../../../../arm-none-eabi/lib/thumb/v7e-m+fp/hard\libnosys.a(_exit.o)
 .debug_frame   0x00000000000015c8       0x2c c:/users/slin/appdata/roaming/code/user/globalstorage/bmd.stm32-for-vscode/@xpack-dev-tools/arm-none-eabi-gcc/10.2.1-1.1.2/.content/bin/../lib/gcc/arm-none-eabi/10.2.1/thumb/v7e-m+fp/hard\libgcc.a(_aeabi_uldivmod.o)
 .debug_frame   0x00000000000015f4       0x34 c:/users/slin/appdata/roaming/code/user/globalstorage/bmd.stm32-for-vscode/@xpack-dev-tools/arm-none-eabi-gcc/10.2.1-1.1.2/.content/bin/../lib/gcc/arm-none-eabi/10.2.1/thumb/v7e-m+fp/hard\libgcc.a(_udivmoddi4.o)
 .debug_frame   0x0000000000001628      0x2d4 c:/users/slin/appdata/roaming/code/user/globalstorage/bmd.stm32-for-vscode/@xpack-dev-tools/arm-none-eabi-gcc/10.2.1-1.1.2/.content/bin/../lib/gcc/arm-none-eabi/10.2.1/thumb/v7e-m+fp/hard\libgcc.a(unwind-arm.o)
 .debug_frame   0x00000000000018fc      0x104 c:/users/slin/appdata/roaming/code/user/globalstorage/bmd.stm32-for-vscode/@xpack-dev-tools/arm-none-eabi-gcc/10.2.1-1.1.2/.content/bin/../lib/gcc/arm-none-eabi/10.2.1/thumb/v7e-m+fp/hard\libgcc.a(pr-support.o)
 .debug_frame   0x0000000000001a00       0x28 c:/users/slin/appdata/roaming/code/user/globalstorage/bmd.stm32-for-vscode/@xpack-dev-tools/arm-none-eabi-gcc/10.2.1-1.1.2/.content/bin/../lib/gcc/arm-none-eabi/10.2.1/../../../../arm-none-eabi/lib/thumb/v7e-m+fp/hard\libc.a(lib_a-abort.o)
 .debug_frame   0x0000000000001a28      0x114 c:/users/slin/appdata/roaming/code/user/globalstorage/bmd.stm32-for-vscode/@xpack-dev-tools/arm-none-eabi-gcc/10.2.1-1.1.2/.content/bin/../lib/gcc/arm-none-eabi/10.2.1/../../../../arm-none-eabi/lib/thumb/v7e-m+fp/hard\libc.a(lib_a-signal.o)
 .debug_frame   0x0000000000001b3c       0x3c c:/users/slin/appdata/roaming/code/user/globalstorage/bmd.stm32-for-vscode/@xpack-dev-tools/arm-none-eabi-gcc/10.2.1-1.1.2/.content/bin/../lib/gcc/arm-none-eabi/10.2.1/../../../../arm-none-eabi/lib/thumb/v7e-m+fp/hard\libc.a(lib_a-signalr.o)
 .debug_frame   0x0000000000001b78       0x64 c:/users/slin/appdata/roaming/code/user/globalstorage/bmd.stm32-for-vscode/@xpack-dev-tools/arm-none-eabi-gcc/10.2.1-1.1.2/.content/bin/../lib/gcc/arm-none-eabi/10.2.1/../../../../arm-none-eabi/lib/thumb/v7e-m+fp/hard\libc.a(lib_a-reent.o)
 .debug_frame   0x0000000000001bdc       0x20 c:/users/slin/appdata/roaming/code/user/globalstorage/bmd.stm32-for-vscode/@xpack-dev-tools/arm-none-eabi-gcc/10.2.1-1.1.2/.content/bin/../lib/gcc/arm-none-eabi/10.2.1/../../../../arm-none-eabi/lib/thumb/v7e-m+fp/hard\libnosys.a(getpid.o)
 .debug_frame   0x0000000000001bfc       0x20 c:/users/slin/appdata/roaming/code/user/globalstorage/bmd.stm32-for-vscode/@xpack-dev-tools/arm-none-eabi-gcc/10.2.1-1.1.2/.content/bin/../lib/gcc/arm-none-eabi/10.2.1/../../../../arm-none-eabi/lib/thumb/v7e-m+fp/hard\libnosys.a(kill.o)

.stab           0x0000000000000000       0x3c
 .stab          0x0000000000000000       0x24 c:/users/slin/appdata/roaming/code/user/globalstorage/bmd.stm32-for-vscode/@xpack-dev-tools/arm-none-eabi-gcc/10.2.1-1.1.2/.content/bin/../lib/gcc/arm-none-eabi/10.2.1/../../../../arm-none-eabi/lib/thumb/v7e-m+fp/hard\libnosys.a(getpid.o)
 .stab          0x0000000000000024       0x18 c:/users/slin/appdata/roaming/code/user/globalstorage/bmd.stm32-for-vscode/@xpack-dev-tools/arm-none-eabi-gcc/10.2.1-1.1.2/.content/bin/../lib/gcc/arm-none-eabi/10.2.1/../../../../arm-none-eabi/lib/thumb/v7e-m+fp/hard\libnosys.a(kill.o)
                                         0x24 (size before relaxing)

.stabstr        0x0000000000000000       0x76
 .stabstr       0x0000000000000000       0x76 c:/users/slin/appdata/roaming/code/user/globalstorage/bmd.stm32-for-vscode/@xpack-dev-tools/arm-none-eabi-gcc/10.2.1-1.1.2/.content/bin/../lib/gcc/arm-none-eabi/10.2.1/../../../../arm-none-eabi/lib/thumb/v7e-m+fp/hard\libnosys.a(getpid.o)

Cross Reference Table

Symbol                                            File
ADC1_2_IRQHandler                                 build/startup_stm32g474xx.o
ADC3_IRQHandler                                   build/startup_stm32g474xx.o
ADC4_IRQHandler                                   build/startup_stm32g474xx.o
ADC5_IRQHandler                                   build/startup_stm32g474xx.o
AHBPrescTable                                     build/system_stm32g4xx.o
                                                  build/stm32g4xx_hal_rcc.o
APBPrescTable                                     build/system_stm32g4xx.o
                                                  build/stm32g4xx_hal_rcc.o
BusFault_Handler                                  build/stm32g4xx_it.o
COMP1_2_3_IRQHandler                              build/startup_stm32g474xx.o
COMP4_5_6_IRQHandler                              build/startup_stm32g474xx.o
COMP7_IRQHandler                                  build/startup_stm32g474xx.o
CORDIC_IRQHandler                                 build/startup_stm32g474xx.o
CRS_IRQHandler                                    build/startup_stm32g474xx.o
DMA1_Channel1_IRQHandler                          build/startup_stm32g474xx.o
DMA1_Channel2_IRQHandler                          build/startup_stm32g474xx.o
DMA1_Channel3_IRQHandler                          build/startup_stm32g474xx.o
DMA1_Channel4_IRQHandler                          build/startup_stm32g474xx.o
DMA1_Channel5_IRQHandler                          build/startup_stm32g474xx.o
DMA1_Channel6_IRQHandler                          build/startup_stm32g474xx.o
DMA1_Channel7_IRQHandler                          build/startup_stm32g474xx.o
DMA1_Channel8_IRQHandler                          build/startup_stm32g474xx.o
DMA2_Channel1_IRQHandler                          build/startup_stm32g474xx.o
DMA2_Channel2_IRQHandler                          build/startup_stm32g474xx.o
DMA2_Channel3_IRQHandler                          build/startup_stm32g474xx.o
DMA2_Channel4_IRQHandler                          build/startup_stm32g474xx.o
DMA2_Channel5_IRQHandler                          build/startup_stm32g474xx.o
DMA2_Channel6_IRQHandler                          build/startup_stm32g474xx.o
DMA2_Channel7_IRQHandler                          build/startup_stm32g474xx.o
DMA2_Channel8_IRQHandler                          build/startup_stm32g474xx.o
DMAMUX_OVR_IRQHandler                             build/startup_stm32g474xx.o
DebugMon_Handler                                  build/stm32g4xx_it.o
Default_Handler                                   build/startup_stm32g474xx.o
EXTI0_IRQHandler                                  build/startup_stm32g474xx.o
EXTI15_10_IRQHandler                              build/stm32g4xx_it.o
EXTI1_IRQHandler                                  build/startup_stm32g474xx.o
EXTI2_IRQHandler                                  build/startup_stm32g474xx.o
EXTI3_IRQHandler                                  build/startup_stm32g474xx.o
EXTI4_IRQHandler                                  build/startup_stm32g474xx.o
EXTI9_5_IRQHandler                                build/startup_stm32g474xx.o
Error_Handler                                     build/main.o
                                                  build/usart.o
FDCAN1_IT0_IRQHandler                             build/startup_stm32g474xx.o
FDCAN1_IT1_IRQHandler                             build/startup_stm32g474xx.o
FDCAN2_IT0_IRQHandler                             build/startup_stm32g474xx.o
FDCAN2_IT1_IRQHandler                             build/startup_stm32g474xx.o
FDCAN3_IT0_IRQHandler                             build/startup_stm32g474xx.o
FDCAN3_IT1_IRQHandler                             build/startup_stm32g474xx.o
FLASH_FlushCaches                                 build/stm32g4xx_hal_flash_ex.o
                                                  build/stm32g4xx_hal_flash.o
FLASH_IRQHandler                                  build/startup_stm32g474xx.o
FLASH_PageErase                                   build/stm32g4xx_hal_flash_ex.o
                                                  build/stm32g4xx_hal_flash.o
FLASH_WaitForLastOperation                        build/stm32g4xx_hal_flash.o
                                                  build/stm32g4xx_hal_flash_ex.o
FMAC_IRQHandler                                   build/startup_stm32g474xx.o
FMC_IRQHandler                                    build/startup_stm32g474xx.o
FPU_IRQHandler                                    build/startup_stm32g474xx.o
HAL_DBGMCU_DisableDBGSleepMode                    build/stm32g4xx_hal.o
HAL_DBGMCU_DisableDBGStandbyMode                  build/stm32g4xx_hal.o
HAL_DBGMCU_DisableDBGStopMode                     build/stm32g4xx_hal.o
HAL_DBGMCU_EnableDBGSleepMode                     build/stm32g4xx_hal.o
HAL_DBGMCU_EnableDBGStandbyMode                   build/stm32g4xx_hal.o
HAL_DBGMCU_EnableDBGStopMode                      build/stm32g4xx_hal.o
HAL_DMAEx_ConfigMuxRequestGenerator               build/stm32g4xx_hal_dma_ex.o
HAL_DMAEx_ConfigMuxSync                           build/stm32g4xx_hal_dma_ex.o
HAL_DMAEx_DisableMuxRequestGenerator              build/stm32g4xx_hal_dma_ex.o
HAL_DMAEx_EnableMuxRequestGenerator               build/stm32g4xx_hal_dma_ex.o
HAL_DMAEx_MUX_IRQHandler                          build/stm32g4xx_hal_dma_ex.o
HAL_DMA_Abort                                     build/stm32g4xx_hal_dma.o
                                                  build/stm32g4xx_hal_uart.o
HAL_DMA_Abort_IT                                  build/stm32g4xx_hal_dma.o
                                                  build/stm32g4xx_hal_uart.o
HAL_DMA_DeInit                                    build/stm32g4xx_hal_dma.o
HAL_DMA_GetError                                  build/stm32g4xx_hal_dma.o
                                                  build/stm32g4xx_hal_uart.o
HAL_DMA_GetState                                  build/stm32g4xx_hal_dma.o
HAL_DMA_IRQHandler                                build/stm32g4xx_hal_dma.o
HAL_DMA_Init                                      build/stm32g4xx_hal_dma.o
HAL_DMA_PollForTransfer                           build/stm32g4xx_hal_dma.o
HAL_DMA_RegisterCallback                          build/stm32g4xx_hal_dma.o